Component: ARM Compiler 5.06 update 7 (build 960) Tool: armlink [4d3601]

==============================================================================

Section Cross References

    system_stm32f1xx.o(i.SystemCoreClockUpdate) refers to system_stm32f1xx.o(.data) for SystemCoreClock
    system_stm32f1xx.o(i.SystemCoreClockUpdate) refers to system_stm32f1xx.o(.constdata) for AHBPrescTable
    main.o(i.SystemClock_Config) refers to rt_memclr_w.o(.text) for __aeabi_memclr4
    main.o(i.SystemClock_Config) refers to stm32f1xx_hal_rcc.o(i.HAL_RCC_OscConfig) for HAL_RCC_OscConfig
    main.o(i.SystemClock_Config) refers to main.o(i.Error_Handler) for Error_Handler
    main.o(i.SystemClock_Config) refers to stm32f1xx_hal_rcc.o(i.HAL_RCC_ClockConfig) for HAL_RCC_ClockConfig
    main.o(i.main) refers to stm32f1xx_hal.o(i.HAL_Init) for HAL_Init
    main.o(i.main) refers to main.o(i.SystemClock_Config) for SystemClock_Config
    main.o(i.main) refers to gpio.o(i.MX_GPIO_Init) for MX_GPIO_Init
    main.o(i.main) refers to dma.o(i.MX_DMA_Init) for MX_DMA_Init
    main.o(i.main) refers to usart.o(i.MX_USART1_UART_Init) for MX_USART1_UART_Init
    main.o(i.main) refers to tim.o(i.MX_TIM6_Init) for MX_TIM6_Init
    main.o(i.main) refers to board.o(i.BoardInit) for BoardInit
    main.o(i.main) refers to board.o(i.System_Main_Loop) for System_Main_Loop
    gpio.o(i.MX_GPIO_Init) refers to stm32f1xx_hal_gpio.o(i.HAL_GPIO_WritePin) for HAL_GPIO_WritePin
    gpio.o(i.MX_GPIO_Init) refers to stm32f1xx_hal_gpio.o(i.HAL_GPIO_Init) for HAL_GPIO_Init
    dma.o(i.MX_DMA_Init) refers to stm32f1xx_hal_cortex.o(i.HAL_NVIC_SetPriority) for HAL_NVIC_SetPriority
    dma.o(i.MX_DMA_Init) refers to stm32f1xx_hal_cortex.o(i.HAL_NVIC_EnableIRQ) for HAL_NVIC_EnableIRQ
    tim.o(i.MX_TIM6_Init) refers to stm32f1xx_hal_tim.o(i.HAL_TIM_Base_Init) for HAL_TIM_Base_Init
    tim.o(i.MX_TIM6_Init) refers to main.o(i.Error_Handler) for Error_Handler
    tim.o(i.MX_TIM6_Init) refers to stm32f1xx_hal_tim_ex.o(i.HAL_TIMEx_MasterConfigSynchronization) for HAL_TIMEx_MasterConfigSynchronization
    tim.o(i.MX_TIM6_Init) refers to tim.o(.bss) for htim6
    usart.o(i.HAL_UART_MspDeInit) refers to stm32f1xx_hal_gpio.o(i.HAL_GPIO_DeInit) for HAL_GPIO_DeInit
    usart.o(i.HAL_UART_MspDeInit) refers to stm32f1xx_hal_dma.o(i.HAL_DMA_DeInit) for HAL_DMA_DeInit
    usart.o(i.HAL_UART_MspDeInit) refers to stm32f1xx_hal_cortex.o(i.HAL_NVIC_DisableIRQ) for HAL_NVIC_DisableIRQ
    usart.o(i.HAL_UART_MspInit) refers to stm32f1xx_hal_gpio.o(i.HAL_GPIO_Init) for HAL_GPIO_Init
    usart.o(i.HAL_UART_MspInit) refers to stm32f1xx_hal_dma.o(i.HAL_DMA_Init) for HAL_DMA_Init
    usart.o(i.HAL_UART_MspInit) refers to main.o(i.Error_Handler) for Error_Handler
    usart.o(i.HAL_UART_MspInit) refers to stm32f1xx_hal_cortex.o(i.HAL_NVIC_SetPriority) for HAL_NVIC_SetPriority
    usart.o(i.HAL_UART_MspInit) refers to stm32f1xx_hal_cortex.o(i.HAL_NVIC_EnableIRQ) for HAL_NVIC_EnableIRQ
    usart.o(i.HAL_UART_MspInit) refers to usart.o(.bss) for hdma_usart1_rx
    usart.o(i.MX_USART1_UART_Init) refers to stm32f1xx_hal_uart.o(i.HAL_UART_Init) for HAL_UART_Init
    usart.o(i.MX_USART1_UART_Init) refers to main.o(i.Error_Handler) for Error_Handler
    usart.o(i.MX_USART1_UART_Init) refers to usart.o(.bss) for huart1
    stm32f1xx_it.o(i.DMA1_Channel4_IRQHandler) refers to stm32f1xx_hal_dma.o(i.HAL_DMA_IRQHandler) for HAL_DMA_IRQHandler
    stm32f1xx_it.o(i.DMA1_Channel4_IRQHandler) refers to usart.o(.bss) for hdma_usart1_tx
    stm32f1xx_it.o(i.DMA1_Channel5_IRQHandler) refers to stm32f1xx_hal_dma.o(i.HAL_DMA_IRQHandler) for HAL_DMA_IRQHandler
    stm32f1xx_it.o(i.DMA1_Channel5_IRQHandler) refers to usart.o(.bss) for hdma_usart1_rx
    stm32f1xx_it.o(i.SysTick_Handler) refers to stm32f1xx_hal.o(i.HAL_IncTick) for HAL_IncTick
    stm32f1xx_it.o(i.SysTick_Handler) refers to drvtimestamp.o(i.DrvTspAdd) for DrvTspAdd
    stm32f1xx_it.o(i.USART1_IRQHandler) refers to stm32f1xx_hal_uart.o(i.HAL_UART_IRQHandler) for HAL_UART_IRQHandler
    stm32f1xx_it.o(i.USART1_IRQHandler) refers to usart.o(.bss) for huart1
    startup_stm32f103xe.o(STACK) refers (Special) to heapauxi.o(.text) for __use_two_region_memory
    startup_stm32f103xe.o(HEAP) refers (Special) to heapauxi.o(.text) for __use_two_region_memory
    startup_stm32f103xe.o(RESET) refers (Special) to heapauxi.o(.text) for __use_two_region_memory
    startup_stm32f103xe.o(RESET) refers to startup_stm32f103xe.o(STACK) for __initial_sp
    startup_stm32f103xe.o(RESET) refers to startup_stm32f103xe.o(.text) for Reset_Handler
    startup_stm32f103xe.o(RESET) refers to stm32f1xx_it.o(i.NMI_Handler) for NMI_Handler
    startup_stm32f103xe.o(RESET) refers to stm32f1xx_it.o(i.HardFault_Handler) for HardFault_Handler
    startup_stm32f103xe.o(RESET) refers to stm32f1xx_it.o(i.MemManage_Handler) for MemManage_Handler
    startup_stm32f103xe.o(RESET) refers to stm32f1xx_it.o(i.BusFault_Handler) for BusFault_Handler
[...]
    ..\Task\TaskKey.c                        0x00000000   Number         0  taskkey.o ABSOLUTE
    ..\Task\TaskOled.c                       0x00000000   Number         0  taskoled.o ABSOLUTE
    ..\Task\TaskUart.c                       0x00000000   Number         0  taskuart.o ABSOLUTE
    ..\\App\\Board.c                         0x00000000   Number         0  board.o ABSOLUTE
    ..\\Drv\\DrvUart.c                       0x00000000   Number         0  drvuart.o ABSOLUTE
    ..\\Task\\TaskKey.c                      0x00000000   Number         0  taskkey.o ABSOLUTE
    ..\\Task\\TaskOled.c                     0x00000000   Number         0  taskoled.o ABSOLUTE
    ..\\Task\\TaskUart.c                     0x00000000   Number         0  taskuart.o ABSOLUTE
    dc.s                                     0x00000000   Number         0  dc.o ABSOLUTE
    startup_stm32f103xe.s                    0x00000000   Number         0  startup_stm32f103xe.o ABSOLUTE
    RESET                                    0x08000000   Section      304  startup_stm32f103xe.o(RESET)
    !!!main                                  0x08000130   Section        8  __main.o(!!!main)
    !!!scatter                               0x08000138   Section       52  __scatter.o(!!!scatter)
    !!dczerorl2                              0x0800016c   Section       90  __dczerorl2.o(!!dczerorl2)
    !!handler_zi                             0x080001c8   Section       28  __scatter_zi.o(!!handler_zi)
    .ARM.Collect$$libinit$$00000000          0x080001e4   Section        2  libinit.o(.ARM.Collect$$libinit$$00000000)
    .ARM.Collect$$libinit$$00000002          0x080001e6   Section        0  libinit2.o(.ARM.Collect$$libinit$$00000002)
    .ARM.Collect$$libinit$$00000004          0x080001e6   Section        0  libinit2.o(.ARM.Collect$$libinit$$00000004)
    .ARM.Collect$$libinit$$0000000A          0x080001e6   Section        0  libinit2.o(.ARM.Collect$$libinit$$0000000A)
    .ARM.Collect$$libinit$$0000000C          0x080001e6   Section        0  libinit2.o(.ARM.Collect$$libinit$$0000000C)
    .ARM.Collect$$libinit$$0000000E          0x080001e6   Section        0  libinit2.o(.ARM.Collect$$libinit$$0000000E)
    .ARM.Collect$$libinit$$00000011          0x080001e6   Section        0  libinit2.o(.ARM.Collect$$libinit$$00000011)
    .ARM.Collect$$libinit$$00000013          0x080001e6   Section        0  libinit2.o(.ARM.Collect$$libinit$$00000013)
    .ARM.Collect$$libinit$$00000015          0x080001e6   Section        0  libinit2.o(.ARM.Collect$$libinit$$00000015)
    .ARM.Collect$$libinit$$00000017          0x080001e6   Section        0  libinit2.o(.ARM.Collect$$libinit$$00000017)
    .ARM.Collect$$libinit$$00000019          0x080001e6   Section        0  libinit2.o(.ARM.Collect$$libinit$$00000019)
    .ARM.Collect$$libinit$$0000001B          0x080001e6   Section        0  libinit2.o(.ARM.Collect$$libinit$$0000001B)
    .ARM.Collect$$libinit$$0000001D          0x080001e6   Section        0  libinit2.o(.ARM.Collect$$libinit$$0000001D)
    .ARM.Collect$$libinit$$0000001F          0x080001e6   Section        0  libinit2.o(.ARM.Collect$$libinit$$0000001F)
    .ARM.Collect$$libinit$$00000021          0x080001e6   Section        0  libinit2.o(.ARM.Collect$$libinit$$00000021)
    .ARM.Collect$$libinit$$00000023          0x080001e6   Section        0  libinit2.o(.ARM.Collect$$libinit$$00000023)
    .ARM.Collect$$libinit$$00000025          0x080001e6   Section        0  libinit2.o(.ARM.Collect$$libinit$$00000025)
    .ARM.Collect$$libinit$$0000002C          0x080001e6   Section        0  libinit2.o(.ARM.Collect$$libinit$$0000002C)
    .ARM.Collect$$libinit$$0000002E          0x080001e6   Section        0  libinit2.o(.ARM.Collect$$libinit$$0000002E)
    .ARM.Collect$$libinit$$00000030          0x080001e6   Section        0  libinit2.o(.ARM.Collect$$libinit$$00000030)
    .ARM.Collect$$libinit$$00000032          0x080001e6   Section        0  libinit2.o(.ARM.Collect$$libinit$$00000032)
    .ARM.Collect$$libinit$$00000033          0x080001e6   Section        2  libinit2.o(.ARM.Collect$$libinit$$00000033)
    .ARM.Collect$$libshutdown$$00000000      0x080001e8   Section        2  libshutdown.o(.ARM.Collect$$libshutdown$$00000000)
    .ARM.Collect$$libshutdown$$00000002      0x080001ea   Section        0  libshutdown2.o(.ARM.Collect$$libshutdown$$00000002)
    .ARM.Collect$$libshutdown$$00000004      0x080001ea   Section        0  libshutdown2.o(.ARM.Collect$$libshutdown$$00000004)
    .ARM.Collect$$libshutdown$$00000006      0x080001ea   Section        0  libshutdown2.o(.ARM.Collect$$libshutdown$$00000006)
    .ARM.Collect$$libshutdown$$00000009      0x080001ea   Section        0  libshutdown2.o(.ARM.Collect$$libshutdown$$00000009)
    .ARM.Collect$$libshutdown$$0000000C      0x080001ea   Section        0  libshutdown2.o(.ARM.Collect$$libshutdown$$0000000C)
    .ARM.Collect$$libshutdown$$0000000E      0x080001ea   Section        0  libshutdown2.o(.ARM.Collect$$libshutdown$$0000000E)
    .ARM.Collect$$libshutdown$$00000011      0x080001ea   Section        0  libshutdown2.o(.ARM.Collect$$libshutdown$$00000011)
    .ARM.Collect$$libshutdown$$00000012      0x080001ea   Section        2  libshutdown2.o(.ARM.Collect$$libshutdown$$00000012)
    .ARM.Collect$$rtentry$$00000000          0x080001ec   Section        0  __rtentry.o(.ARM.Collect$$rtentry$$00000000)
    .ARM.Collect$$rtentry$$00000002          0x080001ec   Section        0  __rtentry2.o(.ARM.Collect$$rtentry$$00000002)
    .ARM.Collect$$rtentry$$00000004          0x080001ec   Section        6  __rtentry4.o(.ARM.Collect$$rtentry$$00000004)
    .ARM.Collect$$rtentry$$00000009          0x080001f2   Section        0  __rtentry2.o(.ARM.Collect$$rtentry$$00000009)
    .ARM.Collect$$rtentry$$0000000A          0x080001f2   Section        4  __rtentry2.o(.ARM.Collect$$rtentry$$0000000A)
    .ARM.Collect$$rtentry$$0000000C          0x080001f6   Section        0  __rtentry2.o(.ARM.Collect$$rtentry$$0000000C)
    .ARM.Collect$$rtentry$$0000000D          0x080001f6   Section        8  __rtentry2.o(.ARM.Collect$$rtentry$$0000000D)
    .ARM.Collect$$rtexit$$00000000           0x080001fe   Section        2  rtexit.o(.ARM.Collect$$rtexit$$00000000)
    .ARM.Collect$$rtexit$$00000002           0x08000200   Section        0  rtexit2.o(.ARM.Collect$$rtexit$$00000002)
    .ARM.Collect$$rtexit$$00000003           0x08000200   Section        4  rtexit2.o(.ARM.Collect$$rtexit$$00000003)
    .ARM.Collect$$rtexit$$00000004           0x08000204   Section        6  rtexit2.o(.ARM.Collect$$rtexit$$00000004)
    .text                                    0x0800020c   Section       64  startup_stm32f103xe.o(.text)
    .text                                    0x0800024c   Section      138  rt_memcpy_v6.o(.text)
    .text                                    0x080002d6   Section       68  rt_memclr.o(.text)
    .text                                    0x0800031a   Section       78  rt_memclr_w.o(.text)
    .text                                    0x08000368   Section        0  heapauxi.o(.text)
    .text                                    0x0800036e   Section      100  rt_memcpy_w.o(.text)
    .text                                    0x080003d2   Section       74  sys_stackheap_outer.o(.text)
    .text                                    0x0800041c   Section        0  exit.o(.text)
    .text                                    0x08000430   Section        8  libspace.o(.text)
    .text                                    0x08000438   Section        0  sys_exit.o(.text)
    .text                                    0x08000444   Section        2  use_no_semi.o(.text)
    .text                                    0x08000446   Section        0  indicate_semi.o(.text)
    i.AppInit                                0x08000448   Section        0  board.o(i.AppInit)
    AppInit                                  0x08000449   Thumb Code    50  board.o(i.AppInit)
    i.BoardInit                              0x08000490   Section        0  board.o(i.BoardInit)
    i.BoardPinInit                           0x080004ac   Section        0  board.o(i.BoardPinInit)
    BoardPinInit                             0x080004ad   Thumb Code     2  board.o(i.BoardPinInit)
    i.BusFault_Handler                       0x080004ae   Section        0  stm32f1xx_it.o(i.BusFault_Handler)
    i.DMA1_Channel4_IRQHandler               0x080004b4   Section        0  stm32f1xx_it.o(i.DMA1_Channel4_IRQHandler)
    i.DMA1_Channel5_IRQHandler               0x080004c4   Section        0  stm32f1xx_it.o(i.DMA1_Channel5_IRQHandler)
    i.DMA_SetConfig                          0x080004d4   Section        0  stm32f1xx_hal_dma.o(i.DMA_SetConfig)
    DMA_SetConfig                            0x080004d5   Thumb Code    44  stm32f1xx_hal_dma.o(i.DMA_SetConfig)
    i.DebugMon_Handler                       0x08000500   Section        0  stm32f1xx_it.o(i.DebugMon_Handler)
    i.DevOledClearAll                        0x08000502   Section        0  devssd1315.o(i.DevOledClearAll)
    i.DevOledClearArea                       0x08000522   Section        0  devssd1315.o(i.DevOledClearArea)
    i.DevOledDrawChar                        0x080005c4   Section        0  devssd1315.o(i.DevOledDrawChar)
    i.DevOledDrawImage                       0x080005f4   Section        0  devssd1315.o(i.DevOledDrawImage)
    i.DevOledDrawNum                         0x0800071a   Section        0  devssd1315.o(i.DevOledDrawNum)
    i.DevOledDrawString                      0x08000792   Section        0  devssd1315.o(i.DevOledDrawString)
    i.DevOledPow                             0x080007c4   Section        0  devssd1315.o(i.DevOledPow)
    DevOledPow                               0x080007c5   Thumb Code    22  devssd1315.o(i.DevOledPow)
    i.DevOledRefresh                         0x080007da   Section        0  devssd1315.o(i.DevOledRefresh)
    i.DevOledSendCmd                         0x08000818   Section        0  devssd1315.o(i.DevOledSendCmd)
    DevOledSendCmd                           0x08000819   Thumb Code    78  devssd1315.o(i.DevOledSendCmd)
    i.DevOledSendData                        0x08000866   Section        0  devssd1315.o(i.DevOledSendData)
    DevOledSendData                          0x08000867   Thumb Code    96  devssd1315.o(i.DevOledSendData)
    i.DevSsd1315Init                         0x080008c6   Section        0  devssd1315.o(i.DevSsd1315Init)
    i.DeviceInit                             0x080009c4   Section        0  board.o(i.DeviceInit)
    DeviceInit                               0x080009c5   Thumb Code    10  board.o(i.DeviceInit)
    i.DriverInit                             0x080009d4   Section        0  board.o(i.DriverInit)
    DriverInit                               0x080009d5   Thumb Code    70  board.o(i.DriverInit)
    i.DrvBlockingDelayUs                     0x08000a30   Section        0  drvusdelay.o(i.DrvBlockingDelayUs)
    i.DrvI2cSwSendByte                       0x08000a6c   Section        0  drvi2csw.o(i.DrvI2cSwSendByte)
    i.DrvI2cSwStart                          0x08000ab4   Section        0  drvi2csw.o(i.DrvI2cSwStart)
    i.DrvI2cSwStop                           0x08000ae4   Section        0  drvi2csw.o(i.DrvI2cSwStop)
    i.DrvI2cSwWaitAck                        0x08000b14   Section        0  drvi2csw.o(i.DrvI2cSwWaitAck)
    i.DrvKeyInit                             0x08000b4e   Section        0  drvkey.o(i.DrvKeyInit)
    i.DrvKeyUpdate                           0x08000b64   Section        0  drvkey.o(i.DrvKeyUpdate)
    i.DrvTspAdd                              0x08000c94   Section        0  drvtimestamp.o(i.DrvTspAdd)
    i.DrvTspGet                              0x08000cac   Section        0  drvtimestamp.o(i.DrvTspGet)
    i.DrvUartClearRx                         0x08000cb8   Section        0  drvuart.o(i.DrvUartClearRx)
    i.DrvUartInit                            0x08000cd2   Section        0  drvuart.o(i.DrvUartInit)
    i.DrvUartRxDmaHandler                    0x08000d16   Section        0  drvuart.o(i.DrvUartRxDmaHandler)
    i.DrvUartRxFifoRead                      0x08000d52   Section        0  drvuart.o(i.DrvUartRxFifoRead)
    i.DrvUartTxDmaHandler                    0x08000d74   Section        0  drvuart.o(i.DrvUartTxDmaHandler)
    i.DrvUartTxFifoWrite                     0x08000dd2   Section        0  drvuart.o(i.DrvUartTxFifoWrite)
    i.DrvUsDelayInit                         0x08000eb4   Section        0  drvusdelay.o(i.DrvUsDelayInit)
    i.Error_Handler                          0x08000ec0   Section        0  main.o(i.Error_Handler)
    i.FiFoDiscard                            0x08000ec6   Section        0  simplefifo.o(i.FiFoDiscard)
    i.FiFoFlush                              0x08000f00   Section        0  simplefifo.o(i.FiFoFlush)
    i.FiFoGets                               0x08000f1e   Section        0  simplefifo.o(i.FiFoGets)
    i.FiFoInit                               0x08000fa0   Section        0  simplefifo.o(i.FiFoInit)
    i.FiFoPuts                               0x08000fc8   Section        0  simplefifo.o(i.FiFoPuts)
    i.FiFoUsedNum                            0x08001050   Section        0  simplefifo.o(i.FiFoUsedNum)
    i.GetKeyAState                           0x08001060   Section        0  taskkey.o(i.GetKeyAState)
    GetKeyAState                             0x08001061   Thumb Code    12  taskkey.o(i.GetKeyAState)
    i.GetKeyBState                           0x08001070   Section        0  taskkey.o(i.GetKeyBState)
    GetKeyBState                             0x08001071   Thumb Code    12  taskkey.o(i.GetKeyBState)
    i.HAL_DMA_Abort                          0x08001080   Section        0  stm32f1xx_hal_dma.o(i.HAL_DMA_Abort)
    i.HAL_DMA_Abort_IT                       0x080010d8   Section        0  stm32f1xx_hal_dma.o(i.HAL_DMA_Abort_IT)
    i.HAL_DMA_GetError                       0x08001280   Section        0  stm32f1xx_hal_dma.o(i.HAL_DMA_GetError)
    i.HAL_DMA_IRQHandler                     0x08001288   Section        0  stm32f1xx_hal_dma.o(i.HAL_DMA_IRQHandler)
    i.HAL_DMA_Init                           0x08001620   Section        0  stm32f1xx_hal_dma.o(i.HAL_DMA_Init)
    i.HAL_DMA_Start_IT                       0x080016ac   Section        0  stm32f1xx_hal_dma.o(i.HAL_DMA_Start_IT)
    i.HAL_GPIO_Init                          0x08001748   Section        0  stm32f1xx_hal_gpio.o(i.HAL_GPIO_Init)
    i.HAL_GPIO_ReadPin                       0x08001a88   Section        0  stm32f1xx_hal_gpio.o(i.HAL_GPIO_ReadPin)
    i.HAL_GPIO_TogglePin                     0x08001a98   Section        0  stm32f1xx_hal_gpio.o(i.HAL_GPIO_TogglePin)
    i.HAL_GPIO_WritePin                      0x08001aac   Section        0  stm32f1xx_hal_gpio.o(i.HAL_GPIO_WritePin)
    i.HAL_GetTick                            0x08001ab8   Section        0  stm32f1xx_hal.o(i.HAL_GetTick)
    i.HAL_IncTick                            0x08001ac4   Section        0  stm32f1xx_hal.o(i.HAL_IncTick)
    i.HAL_Init                               0x08001adc   Section        0  stm32f1xx_hal.o(i.HAL_Init)
    i.HAL_InitTick                           0x08001b04   Section        0  stm32f1xx_hal.o(i.HAL_InitTick)
    i.HAL_MspInit                            0x08001b50   Section        0  stm32f1xx_hal_msp.o(i.HAL_MspInit)
    i.HAL_NVIC_EnableIRQ                     0x08001ba4   Section        0  stm32f1xx_hal_cortex.o(i.HAL_NVIC_EnableIRQ)
    i.HAL_NVIC_SetPriority                   0x08001bc4   Section        0  stm32f1xx_hal_cortex.o(i.HAL_NVIC_SetPriority)
    i.HAL_NVIC_SetPriorityGrouping           0x08001c40   Section        0  stm32f1xx_hal_cortex.o(i.HAL_NVIC_SetPriorityGrouping)
    i.HAL_RCC_ClockConfig                    0x08001c68   Section        0  stm32f1xx_hal_rcc.o(i.HAL_RCC_ClockConfig)
    i.HAL_RCC_GetHCLKFreq                    0x08001df4   Section        0  stm32f1xx_hal_rcc.o(i.HAL_RCC_GetHCLKFreq)
    i.HAL_RCC_GetPCLK1Freq                   0x08001e00   Section        0  stm32f1xx_hal_rcc.o(i.HAL_RCC_GetPCLK1Freq)
    i.HAL_RCC_GetPCLK2Freq                   0x08001e20   Section        0  stm32f1xx_hal_rcc.o(i.HAL_RCC_GetPCLK2Freq)
    i.HAL_RCC_GetSysClockFreq                0x08001e40   Section        0  stm32f1xx_hal_rcc.o(i.HAL_RCC_GetSysClockFreq)
    i.HAL_RCC_OscConfig                      0x08001eb0   Section        0  stm32f1xx_hal_rcc.o(i.HAL_RCC_OscConfig)
    i.HAL_SYSTICK_Config                     0x08002314   Section        0  stm32f1xx_hal_cortex.o(i.HAL_SYSTICK_Config)
    i.HAL_TIMEx_MasterConfigSynchronization  0x08002348   Section        0  stm32f1xx_hal_tim_ex.o(i.HAL_TIMEx_MasterConfigSynchronization)
    i.HAL_TIM_Base_Init                      0x080023e4   Section        0  stm32f1xx_hal_tim.o(i.HAL_TIM_Base_Init)
    i.HAL_TIM_Base_MspInit                   0x0800244c   Section        0  tim.o(i.HAL_TIM_Base_MspInit)
    i.HAL_TIM_Base_Start                     0x0800247c   Section        0  stm32f1xx_hal_tim.o(i.HAL_TIM_Base_Start)
    i.HAL_UARTEx_GetRxEventType              0x08002500   Section        0  stm32f1xx_hal_uart.o(i.HAL_UARTEx_GetRxEventType)
    i.HAL_UARTEx_ReceiveToIdle_DMA           0x08002506   Section        0  stm32f1xx_hal_uart.o(i.HAL_UARTEx_ReceiveToIdle_DMA)
    i.HAL_UARTEx_RxEventCallback             0x08002578   Section        0  taskuart.o(i.HAL_UARTEx_RxEventCallback)
    i.HAL_UART_AbortReceive                  0x080025c4   Section        0  stm32f1xx_hal_uart.o(i.HAL_UART_AbortReceive)
    i.HAL_UART_ErrorCallback                 0x08002688   Section        0  taskuart.o(i.HAL_UART_ErrorCallback)
    i.HAL_UART_IRQHandler                    0x080026d4   Section        0  stm32f1xx_hal_uart.o(i.HAL_UART_IRQHandler)
    i.HAL_UART_Init                          0x080029b8   Section        0  stm32f1xx_hal_uart.o(i.HAL_UART_Init)
    i.HAL_UART_MspInit                       0x08002a30   Section        0  usart.o(i.HAL_UART_MspInit)
    i.HAL_UART_RxCpltCallback                0x08002b40   Section        0  stm32f1xx_hal_uart.o(i.HAL_UART_RxCpltCallback)
    i.HAL_UART_RxHalfCpltCallback            0x08002b42   Section        0  stm32f1xx_hal_uart.o(i.HAL_UART_RxHalfCpltCallback)
    i.HAL_UART_Transmit_DMA                  0x08002b44   Section        0  stm32f1xx_hal_uart.o(i.HAL_UART_Transmit_DMA)
    i.HAL_UART_TxCpltCallback                0x08002bd0   Section        0  taskuart.o(i.HAL_UART_TxCpltCallback)
    i.HAL_UART_TxHalfCpltCallback            0x08002c18   Section        0  stm32f1xx_hal_uart.o(i.HAL_UART_TxHalfCpltCallback)
    i.HardFault_Handler                      0x08002c1a   Section        0  stm32f1xx_it.o(i.HardFault_Handler)
    i.KeyALongPress                          0x08002c20   Section        0  taskkey.o(i.KeyALongPress)
    KeyALongPress                            0x08002c21   Thumb Code    12  taskkey.o(i.KeyALongPress)
    i.KeyAOneClick                           0x08002c30   Section        0  taskkey.o(i.KeyAOneClick)
    KeyAOneClick                             0x08002c31   Thumb Code    12  taskkey.o(i.KeyAOneClick)
    i.KeyBLongPress                          0x08002c40   Section        0  taskkey.o(i.KeyBLongPress)
    KeyBLongPress                            0x08002c41   Thumb Code    12  taskkey.o(i.KeyBLongPress)
    i.KeyBOneClick                           0x08002c50   Section        0  taskkey.o(i.KeyBOneClick)
    KeyBOneClick                             0x08002c51   Thumb Code    12  taskkey.o(i.KeyBOneClick)
    i.KeyGroupEvent                          0x08002c60   Section        0  taskkey.o(i.KeyGroupEvent)
    KeyGroupEvent                            0x08002c61   Thumb Code    12  taskkey.o(i.KeyGroupEvent)
    i.LedCtrl                                0x08002c74   Section        0  board.o(i.LedCtrl)
    LedCtrl                                  0x08002c75   Thumb Code    12  board.o(i.LedCtrl)
    i.MX_DMA_Init                            0x08002c84   Section        0  dma.o(i.MX_DMA_Init)
    i.MX_GPIO_Init                           0x08002cc8   Section        0  gpio.o(i.MX_GPIO_Init)
    i.MX_TIM6_Init                           0x08002e38   Section        0  tim.o(i.MX_TIM6_Init)
    i.MX_USART1_UART_Init                    0x08002e84   Section        0  usart.o(i.MX_USART1_UART_Init)
    i.MemManage_Handler                      0x08002ebc   Section        0  stm32f1xx_it.o(i.MemManage_Handler)
    i.ModuleInit                             0x08002ec0   Section        0  board.o(i.ModuleInit)
    ModuleInit                               0x08002ec1   Thumb Code     2  board.o(i.ModuleInit)
    i.NMI_Handler                            0x08002ec2   Section        0  stm32f1xx_it.o(i.NMI_Handler)
    i.OledDcCtrl                             0x08002ec8   Section        0  taskoled.o(i.OledDcCtrl)
    OledDcCtrl                               0x08002ec9   Thumb Code    26  taskoled.o(i.OledDcCtrl)
    i.OledResetCtrl                          0x08002ee8   Section        0  taskoled.o(i.OledResetCtrl)
    OledResetCtrl                            0x08002ee9   Thumb Code    26  taskoled.o(i.OledResetCtrl)
    i.OledSclOut                             0x08002f08   Section        0  taskoled.o(i.OledSclOut)
    OledSclOut                               0x08002f09   Thumb Code    26  taskoled.o(i.OledSclOut)
    i.OledSdaOut                             0x08002f28   Section        0  taskoled.o(i.OledSdaOut)
    OledSdaOut                               0x08002f29   Thumb Code    26  taskoled.o(i.OledSdaOut)
    i.OledSdaRead                            0x08002f48   Section        0  taskoled.o(i.OledSdaRead)
    OledSdaRead                              0x08002f49   Thumb Code    14  taskoled.o(i.OledSdaRead)
    i.PendSV_Handler                         0x08002f5c   Section        0  stm32f1xx_it.o(i.PendSV_Handler)
    i.RCC_Delay                              0x08002f60   Section        0  stm32f1xx_hal_rcc.o(i.RCC_Delay)
    RCC_Delay                                0x08002f61   Thumb Code    36  stm32f1xx_hal_rcc.o(i.RCC_Delay)
    i.SVC_Handler                            0x08002f88   Section        0  stm32f1xx_it.o(i.SVC_Handler)
    i.SysTick_Handler                        0x08002f8a   Section        0  stm32f1xx_it.o(i.SysTick_Handler)
    i.SystemClock_Config                     0x08002f96   Section        0  main.o(i.SystemClock_Config)
    i.SystemInit                             0x08002ffc   Section        0  system_stm32f1xx.o(i.SystemInit)
    i.System_Main_Loop                       0x08002ffe   Section        0  board.o(i.System_Main_Loop)
    i.TIM_Base_SetConfig                     0x08003008   Section        0  stm32f1xx_hal_tim.o(i.TIM_Base_SetConfig)
    i.TaskDebugUartParseHandler              0x080030b4   Section        0  taskuart.o(i.TaskDebugUartParseHandler)
    i.TaskKeyUpdate                          0x080030f0   Section        0  taskkey.o(i.TaskKeyUpdate)
    i.TaskOledUpdate                         0x08003100   Section        0  taskoled.o(i.TaskOledUpdate)
    i.TimUsGetCounter                        0x08003160   Section        0  board.o(i.TimUsGetCounter)
    TimUsGetCounter                          0x08003161   Thumb Code    10  board.o(i.TimUsGetCounter)
    i.UART_DMAAbortOnError                   0x08003170   Section        0  stm32f1xx_hal_uart.o(i.UART_DMAAbortOnError)
    UART_DMAAbortOnError                     0x08003171   Thumb Code    20  stm32f1xx_hal_uart.o(i.UART_DMAAbortOnError)
    i.UART_DMAError                          0x08003184   Section        0  stm32f1xx_hal_uart.o(i.UART_DMAError)
    UART_DMAError                            0x08003185   Thumb Code    80  stm32f1xx_hal_uart.o(i.UART_DMAError)
    i.UART_DMAReceiveCplt                    0x080031d4   Section        0  stm32f1xx_hal_uart.o(i.UART_DMAReceiveCplt)
    UART_DMAReceiveCplt                      0x080031d5   Thumb Code   180  stm32f1xx_hal_uart.o(i.UART_DMAReceiveCplt)
    i.UART_DMARxHalfCplt                     0x08003288   Section        0  stm32f1xx_hal_uart.o(i.UART_DMARxHalfCplt)
    UART_DMARxHalfCplt                       0x08003289   Thumb Code    36  stm32f1xx_hal_uart.o(i.UART_DMARxHalfCplt)
    i.UART_DMATransmitCplt                   0x080032ac   Section        0  stm32f1xx_hal_uart.o(i.UART_DMATransmitCplt)
    UART_DMATransmitCplt                     0x080032ad   Thumb Code    88  stm32f1xx_hal_uart.o(i.UART_DMATransmitCplt)
    i.UART_DMATxHalfCplt                     0x08003304   Section        0  stm32f1xx_hal_uart.o(i.UART_DMATxHalfCplt)
    UART_DMATxHalfCplt                       0x08003305   Thumb Code    14  stm32f1xx_hal_uart.o(i.UART_DMATxHalfCplt)
    i.UART_EndRxTransfer                     0x08003312   Section        0  stm32f1xx_hal_uart.o(i.UART_EndRxTransfer)
    UART_EndRxTransfer                       0x08003313   Thumb Code   108  stm32f1xx_hal_uart.o(i.UART_EndRxTransfer)
    i.UART_EndTransmit_IT                    0x0800337e   Section        0  stm32f1xx_hal_uart.o(i.UART_EndTransmit_IT)
    UART_EndTransmit_IT                      0x0800337f   Thumb Code    32  stm32f1xx_hal_uart.o(i.UART_EndTransmit_IT)
    i.UART_EndTxTransfer                     0x0800339e   Section        0  stm32f1xx_hal_uart.o(i.UART_EndTxTransfer)
    UART_EndTxTransfer                       0x0800339f   Thumb Code    38  stm32f1xx_hal_uart.o(i.UART_EndTxTransfer)
    i.UART_Receive_IT                        0x080033c4   Section        0  stm32f1xx_hal_uart.o(i.UART_Receive_IT)
    UART_Receive_IT                          0x080033c5   Thumb Code   252  stm32f1xx_hal_uart.o(i.UART_Receive_IT)
    i.UART_SetConfig                         0x080034c0   Section        0  stm32f1xx_hal_uart.o(i.UART_SetConfig)
    UART_SetConfig                           0x080034c1   Thumb Code   248  stm32f1xx_hal_uart.o(i.UART_SetConfig)
    i.UART_Start_Receive_DMA                 0x080035bc   Section        0  stm32f1xx_hal_uart.o(i.UART_Start_Receive_DMA)
    i.UART_Transmit_IT                       0x08003684   Section        0  stm32f1xx_hal_uart.o(i.UART_Transmit_IT)
    UART_Transmit_IT                         0x08003685   Thumb Code    96  stm32f1xx_hal_uart.o(i.UART_Transmit_IT)
    i.USART1_IRQHandler                      0x080036e4   Section        0  stm32f1xx_it.o(i.USART1_IRQHandler)
    i.UsageFault_Handler                     0x080036f4   Section        0  stm32f1xx_it.o(i.UsageFault_Handler)
    i.__NVIC_GetPriorityGrouping             0x080036f8   Section        0  stm32f1xx_hal_cortex.o(i.__NVIC_GetPriorityGrouping)
    __NVIC_GetPriorityGrouping               0x080036f9   Thumb Code    10  stm32f1xx_hal_cortex.o(i.__NVIC_GetPriorityGrouping)
    i.__NVIC_SetPriority                     0x08003708   Section        0  stm32f1xx_hal_cortex.o(i.__NVIC_SetPriority)
    __NVIC_SetPriority                       0x08003709   Thumb Code    32  stm32f1xx_hal_cortex.o(i.__NVIC_SetPriority)
    i.check_time_events                      0x08003730   Section        0  tiny_eds.o(i.check_time_events)
    check_time_events                        0x08003731   Thumb Code    88  tiny_eds.o(i.check_time_events)
    i.find_group_by_period                   0x0800378c   Section        0  tiny_eds.o(i.find_group_by_period)
    find_group_by_period                     0x0800378d   Thumb Code    36  tiny_eds.o(i.find_group_by_period)
    i.main                                   0x080037b4   Section        0  main.o(i.main)
    i.notify_event_trigger                   0x080037d8   Section        0  tiny_eds.o(i.notify_event_trigger)
    i.process_notify_round                   0x080037fc   Section        0  tiny_eds.o(i.process_notify_round)
    process_notify_round                     0x080037fd   Thumb Code    62  tiny_eds.o(i.process_notify_round)
    i.process_one_time_event                 0x08003840   Section        0  tiny_eds.o(i.process_one_time_event)
    process_one_time_event                   0x08003841   Thumb Code   152  tiny_eds.o(i.process_one_time_event)
    i.register_notify_event                  0x080038dc   Section        0  tiny_eds.o(i.register_notify_event)
    i.register_time_event                    0x08003924   Section        0  tiny_eds.o(i.register_time_event)
    i.tiny_eds_init                          0x08003984   Section        0  tiny_eds.o(i.tiny_eds_init)
    i.tiny_eds_run                           0x080039f4   Section        0  tiny_eds.o(i.tiny_eds_run)
    .constdata                               0x08003a24   Section       24  system_stm32f1xx.o(.constdata)
    .constdata                               0x08003a3c   Section       18  stm32f1xx_hal_rcc.o(.constdata)
    aPLLMULFactorTable                       0x08003a3c   Data          16  stm32f1xx_hal_rcc.o(.constdata)
    aPredivFactorTable                       0x08003a4c   Data           2  stm32f1xx_hal_rcc.o(.constdata)
    .constdata                               0x08003a4e   Section      570  devssd1315.o(.constdata)
    .data                                    0x20000000   Section        4  system_stm32f1xx.o(.data)
    .data                                    0x20000004   Section        9  stm32f1xx_hal.o(.data)
    .data                                    0x20000010   Section       32  board.o(.data)
    .data                                    0x20000030   Section        4  drvusdelay.o(.data)
    DrvUsGetCounter                          0x20000030   Data           4  drvusdelay.o(.data)
    .data                                    0x20000038   Section        8  drvtimestamp.o(.data)
    gtTsp                                    0x20000038   Data           8  drvtimestamp.o(.data)
    .data                                    0x20000040   Section       76  taskkey.o(.data)
    gtKeys                                   0x20000044   Data          56  taskkey.o(.data)
    .data                                    0x2000008c   Section     1061  taskoled.o(.data)
    ucCount                                  0x200004b0   Data           1  taskoled.o(.data)
    .bss                                     0x200004b4   Section       72  tim.o(.bss)
    .bss                                     0x200004fc   Section      208  usart.o(.bss)
    .bss                                     0x200005d0   Section      248  tiny_eds.o(.bss)
    g_eds                                    0x200005d0   Data         248  tiny_eds.o(.bss)
    .bss                                     0x200006c8   Section     1608  taskuart.o(.bss)
    .bss                                     0x20000d10   Section       96  libspace.o(.bss)
    HEAP                                     0x20000d70   Section      512  startup_stm32f103xe.o(HEAP)
    Heap_Mem                                 0x20000d70   Data         512  startup_stm32f103xe.o(HEAP)
    STACK                                    0x20000f70   Section     1024  startup_stm32f103xe.o(STACK)
    Stack_Mem                                0x20000f70   Data        1024  startup_stm32f103xe.o(STACK)
    __initial_sp                             0x20001370   Data           0  startup_stm32f103xe.o(STACK)

    Global Symbols

    Symbol Name                              Value     Ov Type        Size  Object(Section)

    BuildAttributes$$THM_ISAv4$P$D$K$B$S$PE$A:L22UL41UL21$X:L11$S22US41US21$IEEE1$IW$USESV6$~STKCKD$USESV7$~SHL$OSPACE$ROPI$EBA8$UX$STANDARDLIB$REQ8$PRES8$EABIv2 0x00000000   Number         0  anon$$obj.o ABSOLUTE
    __ARM_use_no_argv                        0x00000000   Number         0  main.o ABSOLUTE
    __ARM_exceptions_init                     - Undefined Weak Reference
    __alloca_initialize                       - Undefined Weak Reference
    __arm_fini_                               - Undefined Weak Reference
    __arm_preinit_                            - Undefined Weak Reference
    __cpp_initialize__aeabi_                  - Undefined Weak Reference
    __cxa_finalize                            - Undefined Weak Reference
    __rt_locale                               - Undefined Weak Reference
    __sigvec_lookup                           - Undefined Weak Reference
    _atexit_init                              - Undefined Weak Reference
    _call_atexit_fns                          - Undefined Weak Reference
    _clock_init                               - Undefined Weak Reference
    _fp_trap_init                             - Undefined Weak Reference
    _fp_trap_shutdown                         - Undefined Weak Reference
    _get_lc_collate                           - Undefined Weak Reference
    _get_lc_ctype                             - Undefined Weak Reference
    _get_lc_monetary                          - Undefined Weak Reference
    _get_lc_numeric                           - Undefined Weak Reference
    _get_lc_time                              - Undefined Weak Reference
    _getenv_init                              - Undefined Weak Reference
    _handle_redirection                       - Undefined Weak Reference
    _init_alloc                               - Undefined Weak Reference
    _init_user_alloc                          - Undefined Weak Reference
    _initio                                   - Undefined Weak Reference
    _rand_init                                - Undefined Weak Reference
    _signal_finish                            - Undefined Weak Reference
    _signal_init                              - Undefined Weak Reference
    _terminate_alloc                          - Undefined Weak Reference
    _terminate_user_alloc                     - Undefined Weak Reference
    _terminateio                              - Undefined Weak Reference
    __Vectors_Size                           0x00000130   Number         0  startup_stm32f103xe.o ABSOLUTE
    __Vectors                                0x08000000   Data           4  startup_stm32f103xe.o(RESET)
    __Vectors_End                            0x08000130   Data           0  startup_stm32f103xe.o(RESET)
    __main                                   0x08000131   Thumb Code     8  __main.o(!!!main)
    __scatterload                            0x08000139   Thumb Code     0  __scatter.o(!!!scatter)
    __scatterload_rt2                        0x08000139   Thumb Code    44  __scatter.o(!!!scatter)
    __scatterload_rt2_thumb_only             0x08000139   Thumb Code     0  __scatter.o(!!!scatter)
    __scatterload_null                       0x08000147   Thumb Code     0  __scatter.o(!!!scatter)
    __decompress                             0x0800016d   Thumb Code    90  __dczerorl2.o(!!dczerorl2)
    __decompress1                            0x0800016d   Thumb Code     0  __dczerorl2.o(!!dczerorl2)
    __scatterload_zeroinit                   0x080001c9   Thumb Code    28  __scatter_zi.o(!!handler_zi)
    __rt_lib_init                            0x080001e5   Thumb Code     0  libinit.o(.ARM.Collect$$libinit$$00000000)
    __rt_lib_init_alloca_1                   0x080001e7   Thumb Code     0  libinit2.o(.ARM.Collect$$libinit$$0000002E)
    __rt_lib_init_argv_1                     0x080001e7   Thumb Code     0  libinit2.o(.ARM.Collect$$libinit$$0000002C)
    __rt_lib_init_atexit_1                   0x080001e7   Thumb Code     0  libinit2.o(.ARM.Collect$$libinit$$0000001B)
    __rt_lib_init_clock_1                    0x080001e7   Thumb Code     0  libinit2.o(.ARM.Collect$$libinit$$00000021)
    __rt_lib_init_cpp_1                      0x080001e7   Thumb Code     0  libinit2.o(.ARM.Collect$$libinit$$00000032)
    __rt_lib_init_exceptions_1               0x080001e7   Thumb Code     0  libinit2.o(.ARM.Collect$$libinit$$00000030)
    __rt_lib_init_fp_1                       0x080001e7   Thumb Code     0  libinit2.o(.ARM.Collect$$libinit$$00000002)
    __rt_lib_init_fp_trap_1                  0x080001e7   Thumb Code     0  libinit2.o(.ARM.Collect$$libinit$$0000001F)
    __rt_lib_init_getenv_1                   0x080001e7   Thumb Code     0  libinit2.o(.ARM.Collect$$libinit$$00000023)
    __rt_lib_init_heap_1                     0x080001e7   Thumb Code     0  libinit2.o(.ARM.Collect$$libinit$$0000000A)
    __rt_lib_init_lc_collate_1               0x080001e7   Thumb Code     0  libinit2.o(.ARM.Collect$$libinit$$00000011)
    __rt_lib_init_lc_ctype_1                 0x080001e7   Thumb Code     0  libinit2.o(.ARM.Collect$$libinit$$00000013)
    __rt_lib_init_lc_monetary_1              0x080001e7   Thumb Code     0  libinit2.o(.ARM.Collect$$libinit$$00000015)
    __rt_lib_init_lc_numeric_1               0x080001e7   Thumb Code     0  libinit2.o(.ARM.Collect$$libinit$$00000017)
    __rt_lib_init_lc_time_1                  0x080001e7   Thumb Code     0  libinit2.o(.ARM.Collect$$libinit$$00000019)
    __rt_lib_init_preinit_1                  0x080001e7   Thumb Code     0  libinit2.o(.ARM.Collect$$libinit$$00000004)
    __rt_lib_init_rand_1                     0x080001e7   Thumb Code     0  libinit2.o(.ARM.Collect$$libinit$$0000000E)
    __rt_lib_init_return                     0x080001e7   Thumb Code     0  libinit2.o(.ARM.Collect$$libinit$$00000033)
    __rt_lib_init_signal_1                   0x080001e7   Thumb Code     0  libinit2.o(.ARM.Collect$$libinit$$0000001D)
    __rt_lib_init_stdio_1                    0x080001e7   Thumb Code     0  libinit2.o(.ARM.Collect$$libinit$$00000025)
    __rt_lib_init_user_alloc_1               0x080001e7   Thumb Code     0  libinit2.o(.ARM.Collect$$libinit$$0000000C)
    __rt_lib_shutdown                        0x080001e9   Thumb Code     0  libshutdown.o(.ARM.Collect$$libshutdown$$00000000)
    __rt_lib_shutdown_cpp_1                  0x080001eb   Thumb Code     0  libshutdown2.o(.ARM.Collect$$libshutdown$$00000004)
    __rt_lib_shutdown_fini_1                 0x080001eb   Thumb Code     0  libshutdown2.o(.ARM.Collect$$libshutdown$$00000002)
    __rt_lib_shutdown_fp_trap_1              0x080001eb   Thumb Code     0  libshutdown2.o(.ARM.Collect$$libshutdown$$00000009)
    __rt_lib_shutdown_heap_1                 0x080001eb   Thumb Code     0  libshutdown2.o(.ARM.Collect$$libshutdown$$00000011)
    __rt_lib_shutdown_return                 0x080001eb   Thumb Code     0  libshutdown2.o(.ARM.Collect$$libshutdown$$00000012)
    __rt_lib_shutdown_signal_1               0x080001eb   Thumb Code     0  libshutdown2.o(.ARM.Collect$$libshutdown$$0000000C)
    __rt_lib_shutdown_stdio_1                0x080001eb   Thumb Code     0  libshutdown2.o(.ARM.Collect$$libshutdown$$00000006)
    __rt_lib_shutdown_user_alloc_1           0x080001eb   Thumb Code     0  libshutdown2.o(.ARM.Collect$$libshutdown$$0000000E)
    __rt_entry                               0x080001ed   Thumb Code     0  __rtentry.o(.ARM.Collect$$rtentry$$00000000)
    __rt_entry_presh_1                       0x080001ed   Thumb Code     0  __rtentry2.o(.ARM.Collect$$rtentry$$00000002)
    __rt_entry_sh                            0x080001ed   Thumb Code     0  __rtentry4.o(.ARM.Collect$$rtentry$$00000004)
    __rt_entry_li                            0x080001f3   Thumb Code     0  __rtentry2.o(.ARM.Collect$$rtentry$$0000000A)
    __rt_entry_postsh_1                      0x080001f3   Thumb Code     0  __rtentry2.o(.ARM.Collect$$rtentry$$00000009)
    __rt_entry_main                          0x080001f7   Thumb Code     0  __rtentry2.o(.ARM.Collect$$rtentry$$0000000D)
    __rt_entry_postli_1                      0x080001f7   Thumb Code     0  __rtentry2.o(.ARM.Collect$$rtentry$$0000000C)
    __rt_exit                                0x080001ff   Thumb Code     0  rtexit.o(.ARM.Collect$$rtexit$$00000000)
    __rt_exit_ls                             0x08000201   Thumb Code     0  rtexit2.o(.ARM.Collect$$rtexit$$00000003)
    __rt_exit_prels_1                        0x08000201   Thumb Code     0  rtexit2.o(.ARM.Collect$$rtexit$$00000002)
    __rt_exit_exit                           0x08000205   Thumb Code     0  rtexit2.o(.ARM.Collect$$rtexit$$00000004)
    Reset_Handler                            0x0800020d   Thumb Code     8  startup_stm32f103xe.o(.text)
    ADC1_2_IRQHandler                        0x08000227   Thumb Code     0  startup_stm32f103xe.o(.text)
    ADC3_IRQHandler                          0x08000227   Thumb Code     0  startup_stm32f103xe.o(.text)
    CAN1_RX1_IRQHandler                      0x08000227   Thumb Code     0  startup_stm32f103xe.o(.text)
    CAN1_SCE_IRQHandler                      0x08000227   Thumb Code     0  startup_stm32f103xe.o(.text)
    DMA1_Channel1_IRQHandler                 0x08000227   Thumb Code     0  startup_stm32f103xe.o(.text)
    DMA1_Channel2_IRQHandler                 0x08000227   Thumb Code     0  startup_stm32f103xe.o(.text)
    DMA1_Channel3_IRQHandler                 0x08000227   Thumb Code     0  startup_stm32f103xe.o(.text)
    DMA1_Channel6_IRQHandler                 0x08000227   Thumb Code     0  startup_stm32f103xe.o(.text)
    DMA1_Channel7_IRQHandler                 0x08000227   Thumb Code     0  startup_stm32f103xe.o(.text)
    DMA2_Channel1_IRQHandler                 0x08000227   Thumb Code     0  startup_stm32f103xe.o(.text)
    DMA2_Channel2_IRQHandler                 0x08000227   Thumb Code     0  startup_stm32f103xe.o(.text)
    DMA2_Channel3_IRQHandler                 0x08000227   Thumb Code     0  startup_stm32f103xe.o(.text)
    DMA2_Channel4_5_IRQHandler               0x08000227   Thumb Code     0  startup_stm32f103xe.o(.text)
    EXTI0_IRQHandler                         0x08000227   Thumb Code     0  startup_stm32f103xe.o(.text)
    EXTI15_10_IRQHandler                     0x08000227   Thumb Code     0  startup_stm32f103xe.o(.text)
    EXTI1_IRQHandler                         0x08000227   Thumb Code     0  startup_stm32f103xe.o(.text)
    EXTI2_IRQHandler                         0x08000227   Thumb Code     0  startup_stm32f103xe.o(.text)
    EXTI3_IRQHandler                         0x08000227   Thumb Code     0  startup_stm32f103xe.o(.text)
    EXTI4_IRQHandler                         0x08000227   Thumb Code     0  startup_stm32f103xe.o(.text)
    EXTI9_5_IRQHandler                       0x08000227   Thumb Code     0  startup_stm32f103xe.o(.text)
    FLASH_IRQHandler                         0x08000227   Thumb Code     0  startup_stm32f103xe.o(.text)
    FSMC_IRQHandler                          0x08000227   Thumb Code     0  startup_stm32f103xe.o(.text)
    I2C1_ER_IRQHandler                       0x08000227   Thumb Code     0  startup_stm32f103xe.o(.text)
    I2C1_EV_IRQHandler                       0x08000227   Thumb Code     0  startup_stm32f103xe.o(.text)
    I2C2_ER_IRQHandler                       0x08000227   Thumb Code     0  startup_stm32f103xe.o(.text)
    I2C2_EV_IRQHandler                       0x08000227   Thumb Code     0  startup_stm32f103xe.o(.text)
    PVD_IRQHandler                           0x08000227   Thumb Code     0  startup_stm32f103xe.o(.text)
    RCC_IRQHandler                           0x08000227   Thumb Code     0  startup_stm32f103xe.o(.text)
    RTC_Alarm_IRQHandler                     0x08000227   Thumb Code     0  startup_stm32f103xe.o(.text)
    RTC_IRQHandler                           0x08000227   Thumb Code     0  startup_stm32f103xe.o(.text)
    SDIO_IRQHandler                          0x08000227   Thumb Code     0  startup_stm32f103xe.o(.text)
    SPI1_IRQHandler                          0x08000227   Thumb Code     0  startup_stm32f103xe.o(.text)
    SPI2_IRQHandler                          0x08000227   Thumb Code     0  startup_stm32f103xe.o(.text)
    SPI3_IRQHandler                          0x08000227   Thumb Code     0  startup_stm32f103xe.o(.text)
    TAMPER_IRQHandler                        0x08000227   Thumb Code     0  startup_stm32f103xe.o(.text)
    TIM1_BRK_IRQHandler                      0x08000227   Thumb Code     0  startup_stm32f103xe.o(.text)
    TIM1_CC_IRQHandler                       0x08000227   Thumb Code     0  startup_stm32f103xe.o(.text)
    TIM1_TRG_COM_IRQHandler                  0x08000227   Thumb Code     0  startup_stm32f103xe.o(.text)
    TIM1_UP_IRQHandler                       0x08000227   Thumb Code     0  startup_stm32f103xe.o(.text)
    TIM2_IRQHandler                          0x08000227   Thumb Code     0  startup_stm32f103xe.o(.text)
    TIM3_IRQHandler                          0x08000227   Thumb Code     0  startup_stm32f103xe.o(.text)
    TIM4_IRQHandler                          0x08000227   Thumb Code     0  startup_stm32f103xe.o(.text)
    TIM5_IRQHandler                          0x08000227   Thumb Code     0  startup_stm32f103xe.o(.text)
    TIM6_IRQHandler                          0x08000227   Thumb Code     0  startup_stm32f103xe.o(.text)
    TIM7_IRQHandler                          0x08000227   Thumb Code     0  startup_stm32f103xe.o(.text)
    TIM8_BRK_IRQHandler                      0x08000227   Thumb Code     0  startup_stm32f103xe.o(.text)
    TIM8_CC_IRQHandler                       0x08000227   Thumb Code     0  startup_stm32f103xe.o(.text)
    TIM8_TRG_COM_IRQHandler                  0x08000227   Thumb Code     0  startup_stm32f103xe.o(.text)
    TIM8_UP_IRQHandler                       0x08000227   Thumb Code     0  startup_stm32f103xe.o(.text)
    UART4_IRQHandler                         0x08000227   Thumb Code     0  startup_stm32f103xe.o(.text)
    UART5_IRQHandler                         0x08000227   Thumb Code     0  startup_stm32f103xe.o(.text)
    USART2_IRQHandler                        0x08000227   Thumb Code     0  startup_stm32f103xe.o(.text)
    USART3_IRQHandler                        0x08000227   Thumb Code     0  startup_stm32f103xe.o(.text)
    USBWakeUp_IRQHandler                     0x08000227   Thumb Code     0  startup_stm32f103xe.o(.text)
    USB_HP_CAN1_TX_IRQHandler                0x08000227   Thumb Code     0  startup_stm32f103xe.o(.text)
    USB_LP_CAN1_RX0_IRQHandler               0x08000227   Thumb Code     0  startup_stm32f103xe.o(.text)
    WWDG_IRQHandler                          0x08000227   Thumb Code     0  startup_stm32f103xe.o(.text)
    __user_initial_stackheap                 0x08000229   Thumb Code     0  startup_stm32f103xe.o(.text)
    __aeabi_memcpy                           0x0800024d   Thumb Code     0  rt_memcpy_v6.o(.text)
    __rt_memcpy                              0x0800024d   Thumb Code   138  rt_memcpy_v6.o(.text)
    _memcpy_lastbytes                        0x080002b3   Thumb Code     0  rt_memcpy_v6.o(.text)
    __aeabi_memclr                           0x080002d7   Thumb Code     0  rt_memclr.o(.text)
    __rt_memclr                              0x080002d7   Thumb Code    68  rt_memclr.o(.text)
    _memset                                  0x080002db   Thumb Code     0  rt_memclr.o(.text)
    __aeabi_memclr4                          0x0800031b   Thumb Code     0  rt_memclr_w.o(.text)
    __aeabi_memclr8                          0x0800031b   Thumb Code     0  rt_memclr_w.o(.text)
    __rt_memclr_w                            0x0800031b   Thumb Code    78  rt_memclr_w.o(.text)
    _memset_w                                0x0800031f   Thumb Code     0  rt_memclr_w.o(.text)
    __use_two_region_memory                  0x08000369   Thumb Code     2  heapauxi.o(.text)
    __rt_heap_escrow$2region                 0x0800036b   Thumb Code     2  heapauxi.o(.text)
    __rt_heap_expand$2region                 0x0800036d   Thumb Code     2  heapauxi.o(.text)
    __aeabi_memcpy4                          0x0800036f   Thumb Code     0  rt_memcpy_w.o(.text)
    __aeabi_memcpy8                          0x0800036f   Thumb Code     0  rt_memcpy_w.o(.text)
    __rt_memcpy_w                            0x0800036f   Thumb Code   100  rt_memcpy_w.o(.text)
    _memcpy_lastbytes_aligned                0x080003b7   Thumb Code     0  rt_memcpy_w.o(.text)
    __user_setup_stackheap                   0x080003d3   Thumb Code    74  sys_stackheap_outer.o(.text)
    exit                                     0x0800041d   Thumb Code    18  exit.o(.text)
    __user_libspace                          0x08000431   Thumb Code     8  libspace.o(.text)
    __user_perproc_libspace                  0x08000431   Thumb Code     0  libspace.o(.text)
    __user_perthread_libspace                0x08000431   Thumb Code     0  libspace.o(.text)
    _sys_exit                                0x08000439   Thumb Code     8  sys_exit.o(.text)
    __I$use$semihosting                      0x08000445   Thumb Code     0  use_no_semi.o(.text)
    __use_no_semihosting_swi                 0x08000445   Thumb Code     2  use_no_semi.o(.text)
    __semihosting_library_function           0x08000447   Thumb Code     0  indicate_semi.o(.text)
    BoardInit                                0x08000491   Thumb Code    28  board.o(i.BoardInit)
    BusFault_Handler                         0x080004af   Thumb Code     4  stm32f1xx_it.o(i.BusFault_Handler)
    DMA1_Channel4_IRQHandler                 0x080004b5   Thumb Code    10  stm32f1xx_it.o(i.DMA1_Channel4_IRQHandler)
    DMA1_Channel5_IRQHandler                 0x080004c5   Thumb Code    10  stm32f1xx_it.o(i.DMA1_Channel5_IRQHandler)
    DebugMon_Handler                         0x08000501   Thumb Code     2  stm32f1xx_it.o(i.DebugMon_Handler)
    DevOledClearAll                          0x08000503   Thumb Code    32  devssd1315.o(i.DevOledClearAll)
    DevOledClearArea                         0x08000523   Thumb Code   160  devssd1315.o(i.DevOledClearArea)
    DevOledDrawChar                          0x080005c5   Thumb Code    44  devssd1315.o(i.DevOledDrawChar)
    DevOledDrawImage                         0x080005f5   Thumb Code   294  devssd1315.o(i.DevOledDrawImage)
    DevOledDrawNum                           0x0800071b   Thumb Code   120  devssd1315.o(i.DevOledDrawNum)
    DevOledDrawString                        0x08000793   Thumb Code    50  devssd1315.o(i.DevOledDrawString)
    DevOledRefresh                           0x080007db   Thumb Code    62  devssd1315.o(i.DevOledRefresh)
    DevSsd1315Init                           0x080008c7   Thumb Code   254  devssd1315.o(i.DevSsd1315Init)
    DrvBlockingDelayUs                       0x08000a31   Thumb Code    56  drvusdelay.o(i.DrvBlockingDelayUs)
    DrvI2cSwSendByte                         0x08000a6d   Thumb Code    72  drvi2csw.o(i.DrvI2cSwSendByte)
    DrvI2cSwStart                            0x08000ab5   Thumb Code    48  drvi2csw.o(i.DrvI2cSwStart)
    DrvI2cSwStop                             0x08000ae5   Thumb Code    48  drvi2csw.o(i.DrvI2cSwStop)
    DrvI2cSwWaitAck                          0x08000b15   Thumb Code    58  drvi2csw.o(i.DrvI2cSwWaitAck)
    DrvKeyInit                               0x08000b4f   Thumb Code    22  drvkey.o(i.DrvKeyInit)
    DrvKeyUpdate                             0x08000b65   Thumb Code   304  drvkey.o(i.DrvKeyUpdate)
    DrvTspAdd                                0x08000c95   Thumb Code    20  drvtimestamp.o(i.DrvTspAdd)
    DrvTspGet                                0x08000cad   Thumb Code     6  drvtimestamp.o(i.DrvTspGet)
    DrvUartClearRx                           0x08000cb9   Thumb Code    26  drvuart.o(i.DrvUartClearRx)
    DrvUartInit                              0x08000cd3   Thumb Code    68  drvuart.o(i.DrvUartInit)
    DrvUartRxDmaHandler                      0x08000d17   Thumb Code    60  drvuart.o(i.DrvUartRxDmaHandler)
    DrvUartRxFifoRead                        0x08000d53   Thumb Code    34  drvuart.o(i.DrvUartRxFifoRead)
    DrvUartTxDmaHandler                      0x08000d75   Thumb Code    94  drvuart.o(i.DrvUartTxDmaHandler)
    DrvUartTxFifoWrite                       0x08000dd3   Thumb Code   226  drvuart.o(i.DrvUartTxFifoWrite)
    DrvUsDelayInit                           0x08000eb5   Thumb Code     8  drvusdelay.o(i.DrvUsDelayInit)
    Error_Handler                            0x08000ec1   Thumb Code     6  main.o(i.Error_Handler)
    FiFoDiscard                              0x08000ec7   Thumb Code    58  simplefifo.o(i.FiFoDiscard)
    FiFoFlush                                0x08000f01   Thumb Code    30  simplefifo.o(i.FiFoFlush)
    FiFoGets                                 0x08000f1f   Thumb Code   130  simplefifo.o(i.FiFoGets)
    FiFoInit                                 0x08000fa1   Thumb Code    40  simplefifo.o(i.FiFoInit)
    FiFoPuts                                 0x08000fc9   Thumb Code   136  simplefifo.o(i.FiFoPuts)
    FiFoUsedNum                              0x08001051   Thumb Code    16  simplefifo.o(i.FiFoUsedNum)
    HAL_DMA_Abort                            0x08001081   Thumb Code    86  stm32f1xx_hal_dma.o(i.HAL_DMA_Abort)
    HAL_DMA_Abort_IT                         0x080010d9   Thumb Code   414  stm32f1xx_hal_dma.o(i.HAL_DMA_Abort_IT)
    HAL_DMA_GetError                         0x08001281   Thumb Code     6  stm32f1xx_hal_dma.o(i.HAL_DMA_GetError)
    HAL_DMA_IRQHandler                       0x08001289   Thumb Code   910  stm32f1xx_hal_dma.o(i.HAL_DMA_IRQHandler)
    HAL_DMA_Init                             0x08001621   Thumb Code   132  stm32f1xx_hal_dma.o(i.HAL_DMA_Init)
    HAL_DMA_Start_IT                         0x080016ad   Thumb Code   156  stm32f1xx_hal_dma.o(i.HAL_DMA_Start_IT)
    HAL_GPIO_Init                            0x08001749   Thumb Code   792  stm32f1xx_hal_gpio.o(i.HAL_GPIO_Init)
    HAL_GPIO_ReadPin                         0x08001a89   Thumb Code    16  stm32f1xx_hal_gpio.o(i.HAL_GPIO_ReadPin)
    HAL_GPIO_TogglePin                       0x08001a99   Thumb Code    20  stm32f1xx_hal_gpio.o(i.HAL_GPIO_TogglePin)
    HAL_GPIO_WritePin                        0x08001aad   Thumb Code    12  stm32f1xx_hal_gpio.o(i.HAL_GPIO_WritePin)
    HAL_GetTick                              0x08001ab9   Thumb Code     6  stm32f1xx_hal.o(i.HAL_GetTick)
    HAL_IncTick                              0x08001ac5   Thumb Code    16  stm32f1xx_hal.o(i.HAL_IncTick)
    HAL_Init                                 0x08001add   Thumb Code    34  stm32f1xx_hal.o(i.HAL_Init)
    HAL_InitTick                             0x08001b05   Thumb Code    64  stm32f1xx_hal.o(i.HAL_InitTick)
    HAL_MspInit                              0x08001b51   Thumb Code    76  stm32f1xx_hal_msp.o(i.HAL_MspInit)
    HAL_NVIC_EnableIRQ                       0x08001ba5   Thumb Code    32  stm32f1xx_hal_cortex.o(i.HAL_NVIC_EnableIRQ)
    HAL_NVIC_SetPriority                     0x08001bc5   Thumb Code   124  stm32f1xx_hal_cortex.o(i.HAL_NVIC_SetPriority)
    HAL_NVIC_SetPriorityGrouping             0x08001c41   Thumb Code    32  stm32f1xx_hal_cortex.o(i.HAL_NVIC_SetPriorityGrouping)
    HAL_RCC_ClockConfig                      0x08001c69   Thumb Code   376  stm32f1xx_hal_rcc.o(i.HAL_RCC_ClockConfig)
    HAL_RCC_GetHCLKFreq                      0x08001df5   Thumb Code     6  stm32f1xx_hal_rcc.o(i.HAL_RCC_GetHCLKFreq)
    HAL_RCC_GetPCLK1Freq                     0x08001e01   Thumb Code    22  stm32f1xx_hal_rcc.o(i.HAL_RCC_GetPCLK1Freq)
    HAL_RCC_GetPCLK2Freq                     0x08001e21   Thumb Code    22  stm32f1xx_hal_rcc.o(i.HAL_RCC_GetPCLK2Freq)
    HAL_RCC_GetSysClockFreq                  0x08001e41   Thumb Code    92  stm32f1xx_hal_rcc.o(i.HAL_RCC_GetSysClockFreq)
    HAL_RCC_OscConfig                        0x08001eb1   Thumb Code  1114  stm32f1xx_hal_rcc.o(i.HAL_RCC_OscConfig)
    HAL_SYSTICK_Config                       0x08002315   Thumb Code    52  stm32f1xx_hal_cortex.o(i.HAL_SYSTICK_Config)
    HAL_TIMEx_MasterConfigSynchronization    0x08002349   Thumb Code   134  stm32f1xx_hal_tim_ex.o(i.HAL_TIMEx_MasterConfigSynchronization)
    HAL_TIM_Base_Init                        0x080023e5   Thumb Code   102  stm32f1xx_hal_tim.o(i.HAL_TIM_Base_Init)
    HAL_TIM_Base_MspInit                     0x0800244d   Thumb Code    40  tim.o(i.HAL_TIM_Base_MspInit)
    HAL_TIM_Base_Start                       0x0800247d   Thumb Code   110  stm32f1xx_hal_tim.o(i.HAL_TIM_Base_Start)
    HAL_UARTEx_GetRxEventType                0x08002501   Thumb Code     6  stm32f1xx_hal_uart.o(i.HAL_UARTEx_GetRxEventType)
    HAL_UARTEx_ReceiveToIdle_DMA             0x08002507   Thumb Code   112  stm32f1xx_hal_uart.o(i.HAL_UARTEx_ReceiveToIdle_DMA)
    HAL_UARTEx_RxEventCallback               0x08002579   Thumb Code    66  taskuart.o(i.HAL_UARTEx_RxEventCallback)
    HAL_UART_AbortReceive                    0x080025c5   Thumb Code   194  stm32f1xx_hal_uart.o(i.HAL_UART_AbortReceive)
    HAL_UART_ErrorCallback                   0x08002689   Thumb Code    68  taskuart.o(i.HAL_UART_ErrorCallback)
    HAL_UART_IRQHandler                      0x080026d5   Thumb Code   736  stm32f1xx_hal_uart.o(i.HAL_UART_IRQHandler)
    HAL_UART_Init                            0x080029b9   Thumb Code   118  stm32f1xx_hal_uart.o(i.HAL_UART_Init)
    HAL_UART_MspInit                         0x08002a31   Thumb Code   248  usart.o(i.HAL_UART_MspInit)
    HAL_UART_RxCpltCallback                  0x08002b41   Thumb Code     2  stm32f1xx_hal_uart.o(i.HAL_UART_RxCpltCallback)
    HAL_UART_RxHalfCpltCallback              0x08002b43   Thumb Code     2  stm32f1xx_hal_uart.o(i.HAL_UART_RxHalfCpltCallback)
    HAL_UART_Transmit_DMA                    0x08002b45   Thumb Code   128  stm32f1xx_hal_uart.o(i.HAL_UART_Transmit_DMA)
    HAL_UART_TxCpltCallback                  0x08002bd1   Thumb Code    62  taskuart.o(i.HAL_UART_TxCpltCallback)
    HAL_UART_TxHalfCpltCallback              0x08002c19   Thumb Code     2  stm32f1xx_hal_uart.o(i.HAL_UART_TxHalfCpltCallback)
    HardFault_Handler                        0x08002c1b   Thumb Code     4  stm32f1xx_it.o(i.HardFault_Handler)
    MX_DMA_Init                              0x08002c85   Thumb Code    64  dma.o(i.MX_DMA_Init)
    MX_GPIO_Init                             0x08002cc9   Thumb Code   348  gpio.o(i.MX_GPIO_Init)
    MX_TIM6_Init                             0x08002e39   Thumb Code    66  tim.o(i.MX_TIM6_Init)
    MX_USART1_UART_Init                      0x08002e85   Thumb Code    46  usart.o(i.MX_USART1_UART_Init)
    MemManage_Handler                        0x08002ebd   Thumb Code     4  stm32f1xx_it.o(i.MemManage_Handler)
    NMI_Handler                              0x08002ec3   Thumb Code     4  stm32f1xx_it.o(i.NMI_Handler)
    PendSV_Handler                           0x08002f5d   Thumb Code     2  stm32f1xx_it.o(i.PendSV_Handler)
    SVC_Handler                              0x08002f89   Thumb Code     2  stm32f1xx_it.o(i.SVC_Handler)
    SysTick_Handler                          0x08002f8b   Thumb Code    12  stm32f1xx_it.o(i.SysTick_Handler)
    SystemClock_Config                       0x08002f97   Thumb Code   102  main.o(i.SystemClock_Config)
    SystemInit                               0x08002ffd   Thumb Code     2  system_stm32f1xx.o(i.SystemInit)
    System_Main_Loop                         0x08002fff   Thumb Code     8  board.o(i.System_Main_Loop)
    TIM_Base_SetConfig                       0x08003009   Thumb Code   150  stm32f1xx_hal_tim.o(i.TIM_Base_SetConfig)
    TaskDebugUartParseHandler                0x080030b5   Thumb Code    50  taskuart.o(i.TaskDebugUartParseHandler)
    TaskKeyUpdate                            0x080030f1   Thumb Code    10  taskkey.o(i.TaskKeyUpdate)
    TaskOledUpdate                           0x08003101   Thumb Code    66  taskoled.o(i.TaskOledUpdate)
    UART_Start_Receive_DMA                   0x080035bd   Thumb Code   186  stm32f1xx_hal_uart.o(i.UART_Start_Receive_DMA)
    USART1_IRQHandler                        0x080036e5   Thumb Code    10  stm32f1xx_it.o(i.USART1_IRQHandler)
    UsageFault_Handler                       0x080036f5   Thumb Code     4  stm32f1xx_it.o(i.UsageFault_Handler)
    main                                     0x080037b5   Thumb Code    36  main.o(i.main)
    notify_event_trigger                     0x080037d9   Thumb Code    30  tiny_eds.o(i.notify_event_trigger)
    register_notify_event                    0x080038dd   Thumb Code    68  tiny_eds.o(i.register_notify_event)
    register_time_event                      0x08003925   Thumb Code    92  tiny_eds.o(i.register_time_event)
    tiny_eds_init                            0x08003985   Thumb Code   106  tiny_eds.o(i.tiny_eds_init)
    tiny_eds_run                             0x080039f5   Thumb Code    42  tiny_eds.o(i.tiny_eds_run)
    AHBPrescTable                            0x08003a24   Data          16  system_stm32f1xx.o(.constdata)
    APBPrescTable                            0x08003a34   Data           8  system_stm32f1xx.o(.constdata)
    OLED_FONT_0608                           0x08003a4e   Data         570  devssd1315.o(.constdata)
    Region$$Table$$Base                      0x08003c88   Number         0  anon$$obj.o(Region$$Table)
    Region$$Table$$Limit                     0x08003ca8   Number         0  anon$$obj.o(Region$$Table)
    SystemCoreClock                          0x20000000   Data           4  system_stm32f1xx.o(.data)
    uwTick                                   0x20000004   Data           4  stm32f1xx_hal.o(.data)
    uwTickPrio                               0x20000008   Data           4  stm32f1xx_hal.o(.data)
    uwTickFreq                               0x2000000c   Data           1  stm32f1xx_hal.o(.data)
    gTimeEvent10ms                           0x20000010   Data           8  board.o(.data)
    gTimeEvent20ms                           0x20000018   Data           8  board.o(.data)
    gTimeEvent1000ms                         0x20000020   Data           8  board.o(.data)
    gNotifyEvent                             0x20000028   Data           8  board.o(.data)
    value1                                   0x20000040   Data           1  taskkey.o(.data)
    value2                                   0x20000041   Data           1  taskkey.o(.data)
    gtKeyManager                             0x2000007c   Data          16  taskkey.o(.data)
    gtOledI2c                                0x2000008c   Data          20  taskoled.o(.data)
    gtOled                                   0x200000a0   Data        1040  taskoled.o(.data)
    htim6                                    0x200004b4   Data          72  tim.o(.bss)
    huart1                                   0x200004fc   Data          72  usart.o(.bss)
    hdma_usart1_rx                           0x20000544   Data          68  usart.o(.bss)
    hdma_usart1_tx                           0x20000588   Data          68  usart.o(.bss)
    gtDebugUart                              0x200006c8   Data        1608  taskuart.o(.bss)
    __libspace_start                         0x20000d10   Data          96  libspace.o(.bss)
    __temporary_stack_top$libspace           0x20000d70   Data           0  libspace.o(.bss)



==============================================================================

Memory Map of the image

  Image Entry point : 0x08000131

  Load Region LR_IROM1 (Base: 0x08000000, Size: 0x0000415c, Max: 0x00080000, ABSOLUTE, COMPRESSED[0x00003d10])

    Execution Region ER_IROM1 (Exec base: 0x08000000, Load base: 0x08000000, Size: 0x00003ca8, Max: 0x00080000, ABSOLUTE)

    Exec Addr    Load Addr    Size         Type   Attr      Idx    E Section Name        Object

    0x08000000   0x08000000   0x00000130   Data   RO          445    RESET               startup_stm32f103xe.o
    0x08000130   0x08000130   0x00000008   Code   RO         3600  * !!!main             c_w.l(__main.o)
    0x08000138   0x08000138   0x00000034   Code   RO         3763    !!!scatter          c_w.l(__scatter.o)
    0x0800016c   0x0800016c   0x0000005a   Code   RO         3761    !!dczerorl2         c_w.l(__dczerorl2.o)
    0x080001c6   0x080001c6   0x00000002   PAD
    0x080001c8   0x080001c8   0x0000001c   Code   RO         3765    !!handler_zi        c_w.l(__scatter_zi.o)
    0x080001e4   0x080001e4   0x00000002   Code   RO         3629    .ARM.Collect$$libinit$$00000000  c_w.l(libinit.o)
    0x080001e6   0x080001e6   0x00000000   Code   RO         3636    .ARM.Collect$$libinit$$00000002  c_w.l(libinit2.o)
    0x080001e6   0x080001e6   0x00000000   Code   RO         3638    .ARM.Collect$$libinit$$00000004  c_w.l(libinit2.o)
    0x080001e6   0x080001e6   0x00000000   Code   RO         3641    .ARM.Collect$$libinit$$0000000A  c_w.l(libinit2.o)
    0x080001e6   0x080001e6   0x00000000   Code   RO         3643    .ARM.Collect$$libinit$$0000000C  c_w.l(libinit2.o)
    0x080001e6   0x080001e6   0x00000000   Code   RO         3645    .ARM.Collect$$libinit$$0000000E  c_w.l(libinit2.o)
    0x080001e6   0x080001e6   0x00000000   Code   RO         3648    .ARM.Collect$$libinit$$00000011  c_w.l(libinit2.o)
    0x080001e6   0x080001e6   0x00000000   Code   RO         3650    .ARM.Collect$$libinit$$00000013  c_w.l(libinit2.o)
    0x080001e6   0x080001e6   0x00000000   Code   RO         3652    .ARM.Collect$$libinit$$00000015  c_w.l(libinit2.o)
    0x080001e6   0x080001e6   0x00000000   Code   RO         3654    .ARM.Collect$$libinit$$00000017  c_w.l(libinit2.o)
    0x080001e6   0x080001e6   0x00000000   Code   RO         3656    .ARM.Collect$$libinit$$00000019  c_w.l(libinit2.o)
    0x080001e6   0x080001e6   0x00000000   Code   RO         3658    .ARM.Collect$$libinit$$0000001B  c_w.l(libinit2.o)
    0x080001e6   0x080001e6   0x00000000   Code   RO         3660    .ARM.Collect$$libinit$$0000001D  c_w.l(libinit2.o)
    0x080001e6   0x080001e6   0x00000000   Code   RO         3662    .ARM.Collect$$libinit$$0000001F  c_w.l(libinit2.o)
    0x080001e6   0x080001e6   0x00000000   Code   RO         3664    .ARM.Collect$$libinit$$00000021  c_w.l(libinit2.o)
    0x080001e6   0x080001e6   0x00000000   Code   RO         3666    .ARM.Collect$$libinit$$00000023  c_w.l(libinit2.o)
    0x080001e6   0x080001e6   0x00000000   Code   RO         3668    .ARM.Collect$$libinit$$00000025  c_w.l(libinit2.o)
    0x080001e6   0x080001e6   0x00000000   Code   RO         3672    .ARM.Collect$$libinit$$0000002C  c_w.l(libinit2.o)
    0x080001e6   0x080001e6   0x00000000   Code   RO         3674    .ARM.Collect$$libinit$$0000002E  c_w.l(libinit2.o)
    0x080001e6   0x080001e6   0x00000000   Code   RO         3676    .ARM.Collect$$libinit$$00000030  c_w.l(libinit2.o)
    0x080001e6   0x080001e6   0x00000000   Code   RO         3678    .ARM.Collect$$libinit$$00000032  c_w.l(libinit2.o)
    0x080001e6   0x080001e6   0x00000002   Code   RO         3679    .ARM.Collect$$libinit$$00000033  c_w.l(libinit2.o)
    0x080001e8   0x080001e8   0x00000002   Code   RO         3699    .ARM.Collect$$libshutdown$$00000000  c_w.l(libshutdown.o)
    0x080001ea   0x080001ea   0x00000000   Code   RO         3712    .ARM.Collect$$libshutdown$$00000002  c_w.l(libshutdown2.o)
    0x080001ea   0x080001ea   0x00000000   Code   RO         3714    .ARM.Collect$$libshutdown$$00000004  c_w.l(libshutdown2.o)
    0x080001ea   0x080001ea   0x00000000   Code   RO         3716    .ARM.Collect$$libshutdown$$00000006  c_w.l(libshutdown2.o)
    0x080001ea   0x080001ea   0x00000000   Code   RO         3719    .ARM.Collect$$libshutdown$$00000009  c_w.l(libshutdown2.o)
    0x080001ea   0x080001ea   0x00000000   Code   RO         3722    .ARM.Collect$$libshutdown$$0000000C  c_w.l(libshutdown2.o)
    0x080001ea   0x080001ea   0x00000000   Code   RO         3724    .ARM.Collect$$libshutdown$$0000000E  c_w.l(libshutdown2.o)
    0x080001ea   0x080001ea   0x00000000   Code   RO         3727    .ARM.Collect$$libshutdown$$00000011  c_w.l(libshutdown2.o)
    0x080001ea   0x080001ea   0x00000002   Code   RO         3728    .ARM.Collect$$libshutdown$$00000012  c_w.l(libshutdown2.o)
    0x080001ec   0x080001ec   0x00000000   Code   RO         3602    .ARM.Collect$$rtentry$$00000000  c_w.l(__rtentry.o)
    0x080001ec   0x080001ec   0x00000000   Code   RO         3606    .ARM.Collect$$rtentry$$00000002  c_w.l(__rtentry2.o)
    0x080001ec   0x080001ec   0x00000006   Code   RO         3618    .ARM.Collect$$rtentry$$00000004  c_w.l(__rtentry4.o)
    0x080001f2   0x080001f2   0x00000000   Code   RO         3608    .ARM.Collect$$rtentry$$00000009  c_w.l(__rtentry2.o)
    0x080001f2   0x080001f2   0x00000004   Code   RO         3609    .ARM.Collect$$rtentry$$0000000A  c_w.l(__rtentry2.o)
    0x080001f6   0x080001f6   0x00000000   Code   RO         3611    .ARM.Collect$$rtentry$$0000000C  c_w.l(__rtentry2.o)
    0x080001f6   0x080001f6   0x00000008   Code   RO         3612    .ARM.Collect$$rtentry$$0000000D  c_w.l(__rtentry2.o)
    0x080001fe   0x080001fe   0x00000002   Code   RO         3633    .ARM.Collect$$rtexit$$00000000  c_w.l(rtexit.o)
    0x08000200   0x08000200   0x00000000   Code   RO         3681    .ARM.Collect$$rtexit$$00000002  c_w.l(rtexit2.o)
    0x08000200   0x08000200   0x00000004   Code   RO         3682    .ARM.Collect$$rtexit$$00000003  c_w.l(rtexit2.o)
    0x08000204   0x08000204   0x00000006   Code   RO         3683    .ARM.Collect$$rtexit$$00000004  c_w.l(rtexit2.o)
    0x0800020a   0x0800020a   0x00000002   PAD
    0x0800020c   0x0800020c   0x00000040   Code   RO          446    .text               startup_stm32f103xe.o
    0x0800024c   0x0800024c   0x0000008a   Code   RO         3590    .text               c_w.l(rt_memcpy_v6.o)
    0x080002d6   0x080002d6   0x00000044   Code   RO         3594    .text               c_w.l(rt_memclr.o)
    0x0800031a   0x0800031a   0x0000004e   Code   RO         3596    .text               c_w.l(rt_memclr_w.o)
    0x08000368   0x08000368   0x00000006   Code   RO         3598    .text               c_w.l(heapauxi.o)
    0x0800036e   0x0800036e   0x00000064   Code   RO         3603    .text               c_w.l(rt_memcpy_w.o)
    0x080003d2   0x080003d2   0x0000004a   Code   RO         3620    .text               c_w.l(sys_stackheap_outer.o)
    0x0800041c   0x0800041c   0x00000012   Code   RO         3622    .text               c_w.l(exit.o)
    0x0800042e   0x0800042e   0x00000002   PAD
    0x08000430   0x08000430   0x00000008   Code   RO         3630    .text               c_w.l(libspace.o)
    0x08000438   0x08000438   0x0000000c   Code   RO         3691    .text               c_w.l(sys_exit.o)
    0x08000444   0x08000444   0x00000002   Code   RO         3702    .text               c_w.l(use_no_semi.o)
    0x08000446   0x08000446   0x00000000   Code   RO         3704    .text               c_w.l(indicate_semi.o)
    0x08000446   0x08000446   0x00000002   PAD
    0x08000448   0x08000448   0x00000048   Code   RO         2854    i.AppInit           board.o
    0x08000490   0x08000490   0x0000001c   Code   RO         2855    i.BoardInit         board.o
    0x080004ac   0x080004ac   0x00000002   Code   RO         2856    i.BoardPinInit      board.o
    0x080004ae   0x080004ae   0x00000004   Code   RO          316    i.BusFault_Handler  stm32f1xx_it.o
    0x080004b2   0x080004b2   0x00000002   PAD
    0x080004b4   0x080004b4   0x00000010   Code   RO          317    i.DMA1_Channel4_IRQHandler  stm32f1xx_it.o
    0x080004c4   0x080004c4   0x00000010   Code   RO          318    i.DMA1_Channel5_IRQHandler  stm32f1xx_it.o
    0x080004d4   0x080004d4   0x0000002c   Code   RO         1858    i.DMA_SetConfig     stm32f1xx_hal_dma.o
    0x08000500   0x08000500   0x00000002   Code   RO          319    i.DebugMon_Handler  stm32f1xx_it.o
    0x08000502   0x08000502   0x00000020   Code   RO         3167    i.DevOledClearAll   devssd1315.o
    0x08000522   0x08000522   0x000000a0   Code   RO         3168    i.DevOledClearArea  devssd1315.o
    0x080005c2   0x080005c2   0x00000002   PAD
    0x080005c4   0x080005c4   0x00000030   Code   RO         3169    i.DevOledDrawChar   devssd1315.o
    0x080005f4   0x080005f4   0x00000126   Code   RO         3170    i.DevOledDrawImage  devssd1315.o
    0x0800071a   0x0800071a   0x00000078   Code   RO         3171    i.DevOledDrawNum    devssd1315.o
    0x08000792   0x08000792   0x00000032   Code   RO         3173    i.DevOledDrawString  devssd1315.o
    0x080007c4   0x080007c4   0x00000016   Code   RO         3175    i.DevOledPow        devssd1315.o
    0x080007da   0x080007da   0x0000003e   Code   RO         3176    i.DevOledRefresh    devssd1315.o
    0x08000818   0x08000818   0x0000004e   Code   RO         3177    i.DevOledSendCmd    devssd1315.o
    0x08000866   0x08000866   0x00000060   Code   RO         3178    i.DevOledSendData   devssd1315.o
    0x080008c6   0x080008c6   0x000000fe   Code   RO         3179    i.DevSsd1315Init    devssd1315.o
    0x080009c4   0x080009c4   0x00000010   Code   RO         2857    i.DeviceInit        board.o
    0x080009d4   0x080009d4   0x0000005c   Code   RO         2858    i.DriverInit        board.o
    0x08000a30   0x08000a30   0x0000003c   Code   RO         3115    i.DrvBlockingDelayUs  drvusdelay.o
    0x08000a6c   0x08000a6c   0x00000048   Code   RO         3067    i.DrvI2cSwSendByte  drvi2csw.o
    0x08000ab4   0x08000ab4   0x00000030   Code   RO         3068    i.DrvI2cSwStart     drvi2csw.o
    0x08000ae4   0x08000ae4   0x00000030   Code   RO         3069    i.DrvI2cSwStop      drvi2csw.o
    0x08000b14   0x08000b14   0x0000003a   Code   RO         3070    i.DrvI2cSwWaitAck   drvi2csw.o
    0x08000b4e   0x08000b4e   0x00000016   Code   RO         2965    i.DrvKeyInit        drvkey.o
    0x08000b64   0x08000b64   0x00000130   Code   RO         2966    i.DrvKeyUpdate      drvkey.o
    0x08000c94   0x08000c94   0x00000018   Code   RO         3139    i.DrvTspAdd         drvtimestamp.o
    0x08000cac   0x08000cac   0x0000000c   Code   RO         3140    i.DrvTspGet         drvtimestamp.o
    0x08000cb8   0x08000cb8   0x0000001a   Code   RO         2995    i.DrvUartClearRx    drvuart.o
    0x08000cd2   0x08000cd2   0x00000044   Code   RO         2997    i.DrvUartInit       drvuart.o
    0x08000d16   0x08000d16   0x0000003c   Code   RO         2998    i.DrvUartRxDmaHandler  drvuart.o
    0x08000d52   0x08000d52   0x00000022   Code   RO         2999    i.DrvUartRxFifoRead  drvuart.o
    0x08000d74   0x08000d74   0x0000005e   Code   RO         3001    i.DrvUartTxDmaHandler  drvuart.o
    0x08000dd2   0x08000dd2   0x000000e2   Code   RO         3002    i.DrvUartTxFifoWrite  drvuart.o
    0x08000eb4   0x08000eb4   0x0000000c   Code   RO         3116    i.DrvUsDelayInit    drvusdelay.o
    0x08000ec0   0x08000ec0   0x00000006   Code   RO          124    i.Error_Handler     main.o
    0x08000ec6   0x08000ec6   0x0000003a   Code   RO         3260    i.FiFoDiscard       simplefifo.o
    0x08000f00   0x08000f00   0x0000001e   Code   RO         3261    i.FiFoFlush         simplefifo.o
    0x08000f1e   0x08000f1e   0x00000082   Code   RO         3263    i.FiFoGets          simplefifo.o
    0x08000fa0   0x08000fa0   0x00000028   Code   RO         3264    i.FiFoInit          simplefifo.o
    0x08000fc8   0x08000fc8   0x00000088   Code   RO         3268    i.FiFoPuts          simplefifo.o
    0x08001050   0x08001050   0x00000010   Code   RO         3269    i.FiFoUsedNum       simplefifo.o
    0x08001060   0x08001060   0x00000010   Code   RO         3409    i.GetKeyAState      taskkey.o
    0x08001070   0x08001070   0x00000010   Code   RO         3410    i.GetKeyBState      taskkey.o
    0x08001080   0x08001080   0x00000056   Code   RO         1859    i.HAL_DMA_Abort     stm32f1xx_hal_dma.o
    0x080010d6   0x080010d6   0x00000002   PAD
    0x080010d8   0x080010d8   0x000001a8   Code   RO         1860    i.HAL_DMA_Abort_IT  stm32f1xx_hal_dma.o
    0x08001280   0x08001280   0x00000006   Code   RO         1862    i.HAL_DMA_GetError  stm32f1xx_hal_dma.o
    0x08001286   0x08001286   0x00000002   PAD
    0x08001288   0x08001288   0x00000398   Code   RO         1864    i.HAL_DMA_IRQHandler  stm32f1xx_hal_dma.o
    0x08001620   0x08001620   0x0000008c   Code   RO         1865    i.HAL_DMA_Init      stm32f1xx_hal_dma.o
    0x080016ac   0x080016ac   0x0000009c   Code   RO         1869    i.HAL_DMA_Start_IT  stm32f1xx_hal_dma.o
    0x08001748   0x08001748   0x00000340   Code   RO         1795    i.HAL_GPIO_Init     stm32f1xx_hal_gpio.o
    0x08001a88   0x08001a88   0x00000010   Code   RO         1797    i.HAL_GPIO_ReadPin  stm32f1xx_hal_gpio.o
    0x08001a98   0x08001a98   0x00000014   Code   RO         1798    i.HAL_GPIO_TogglePin  stm32f1xx_hal_gpio.o
    0x08001aac   0x08001aac   0x0000000c   Code   RO         1799    i.HAL_GPIO_WritePin  stm32f1xx_hal_gpio.o
    0x08001ab8   0x08001ab8   0x0000000c   Code   RO         1484    i.HAL_GetTick       stm32f1xx_hal.o
    0x08001ac4   0x08001ac4   0x00000018   Code   RO         1490    i.HAL_IncTick       stm32f1xx_hal.o
    0x08001adc   0x08001adc   0x00000028   Code   RO         1491    i.HAL_Init          stm32f1xx_hal.o
    0x08001b04   0x08001b04   0x0000004c   Code   RO         1492    i.HAL_InitTick      stm32f1xx_hal.o
    0x08001b50   0x08001b50   0x00000054   Code   RO          422    i.HAL_MspInit       stm32f1xx_hal_msp.o
    0x08001ba4   0x08001ba4   0x00000020   Code   RO         1955    i.HAL_NVIC_EnableIRQ  stm32f1xx_hal_cortex.o
    0x08001bc4   0x08001bc4   0x0000007c   Code   RO         1961    i.HAL_NVIC_SetPriority  stm32f1xx_hal_cortex.o
    0x08001c40   0x08001c40   0x00000028   Code   RO         1962    i.HAL_NVIC_SetPriorityGrouping  stm32f1xx_hal_cortex.o
    0x08001c68   0x08001c68   0x0000018c   Code   RO         1648    i.HAL_RCC_ClockConfig  stm32f1xx_hal_rcc.o
    0x08001df4   0x08001df4   0x0000000c   Code   RO         1653    i.HAL_RCC_GetHCLKFreq  stm32f1xx_hal_rcc.o
    0x08001e00   0x08001e00   0x00000020   Code   RO         1655    i.HAL_RCC_GetPCLK1Freq  stm32f1xx_hal_rcc.o
    0x08001e20   0x08001e20   0x00000020   Code   RO         1656    i.HAL_RCC_GetPCLK2Freq  stm32f1xx_hal_rcc.o
    0x08001e40   0x08001e40   0x00000070   Code   RO         1657    i.HAL_RCC_GetSysClockFreq  stm32f1xx_hal_rcc.o
    0x08001eb0   0x08001eb0   0x00000464   Code   RO         1660    i.HAL_RCC_OscConfig  stm32f1xx_hal_rcc.o
    0x08002314   0x08002314   0x00000034   Code   RO         1966    i.HAL_SYSTICK_Config  stm32f1xx_hal_cortex.o
    0x08002348   0x08002348   0x0000009c   Code   RO         1225    i.HAL_TIMEx_MasterConfigSynchronization  stm32f1xx_hal_tim_ex.o
    0x080023e4   0x080023e4   0x00000066   Code   RO          491    i.HAL_TIM_Base_Init  stm32f1xx_hal_tim.o
    0x0800244a   0x0800244a   0x00000002   PAD
    0x0800244c   0x0800244c   0x00000030   Code   RO          233    i.HAL_TIM_Base_MspInit  tim.o
    0x0800247c   0x0800247c   0x00000084   Code   RO          494    i.HAL_TIM_Base_Start  stm32f1xx_hal_tim.o
    0x08002500   0x08002500   0x00000006   Code   RO         2489    i.HAL_UARTEx_GetRxEventType  stm32f1xx_hal_uart.o
    0x08002506   0x08002506   0x00000070   Code   RO         2491    i.HAL_UARTEx_ReceiveToIdle_DMA  stm32f1xx_hal_uart.o
    0x08002576   0x08002576   0x00000002   PAD
    0x08002578   0x08002578   0x0000004c   Code   RO         3477    i.HAL_UARTEx_RxEventCallback  taskuart.o
    0x080025c4   0x080025c4   0x000000c2   Code   RO         2496    i.HAL_UART_AbortReceive  stm32f1xx_hal_uart.o
    0x08002686   0x08002686   0x00000002   PAD
    0x08002688   0x08002688   0x0000004c   Code   RO         3478    i.HAL_UART_ErrorCallback  taskuart.o
    0x080026d4   0x080026d4   0x000002e4   Code   RO         2510    i.HAL_UART_IRQHandler  stm32f1xx_hal_uart.o
    0x080029b8   0x080029b8   0x00000076   Code   RO         2511    i.HAL_UART_Init     stm32f1xx_hal_uart.o
    0x08002a2e   0x08002a2e   0x00000002   PAD
    0x08002a30   0x08002a30   0x00000110   Code   RO          275    i.HAL_UART_MspInit  usart.o
    0x08002b40   0x08002b40   0x00000002   Code   RO         2517    i.HAL_UART_RxCpltCallback  stm32f1xx_hal_uart.o
    0x08002b42   0x08002b42   0x00000002   Code   RO         2518    i.HAL_UART_RxHalfCpltCallback  stm32f1xx_hal_uart.o
    0x08002b44   0x08002b44   0x0000008c   Code   RO         2520    i.HAL_UART_Transmit_DMA  stm32f1xx_hal_uart.o
    0x08002bd0   0x08002bd0   0x00000048   Code   RO         3479    i.HAL_UART_TxCpltCallback  taskuart.o
    0x08002c18   0x08002c18   0x00000002   Code   RO         2523    i.HAL_UART_TxHalfCpltCallback  stm32f1xx_hal_uart.o
    0x08002c1a   0x08002c1a   0x00000004   Code   RO          320    i.HardFault_Handler  stm32f1xx_it.o
    0x08002c1e   0x08002c1e   0x00000002   PAD
    0x08002c20   0x08002c20   0x00000010   Code   RO         3411    i.KeyALongPress     taskkey.o
    0x08002c30   0x08002c30   0x00000010   Code   RO         3412    i.KeyAOneClick      taskkey.o
    0x08002c40   0x08002c40   0x00000010   Code   RO         3413    i.KeyBLongPress     taskkey.o
    0x08002c50   0x08002c50   0x00000010   Code   RO         3414    i.KeyBOneClick      taskkey.o
    0x08002c60   0x08002c60   0x00000014   Code   RO         3415    i.KeyGroupEvent     taskkey.o
    0x08002c74   0x08002c74   0x00000010   Code   RO         2859    i.LedCtrl           board.o
    0x08002c84   0x08002c84   0x00000044   Code   RO          208    i.MX_DMA_Init       dma.o
    0x08002cc8   0x08002cc8   0x00000170   Code   RO          184    i.MX_GPIO_Init      gpio.o
    0x08002e38   0x08002e38   0x0000004c   Code   RO          234    i.MX_TIM6_Init      tim.o
    0x08002e84   0x08002e84   0x00000038   Code   RO          276    i.MX_USART1_UART_Init  usart.o
    0x08002ebc   0x08002ebc   0x00000004   Code   RO          321    i.MemManage_Handler  stm32f1xx_it.o
    0x08002ec0   0x08002ec0   0x00000002   Code   RO         2860    i.ModuleInit        board.o
    0x08002ec2   0x08002ec2   0x00000004   Code   RO          322    i.NMI_Handler       stm32f1xx_it.o
    0x08002ec6   0x08002ec6   0x00000002   PAD
    0x08002ec8   0x08002ec8   0x00000020   Code   RO         3528    i.OledDcCtrl        taskoled.o
    0x08002ee8   0x08002ee8   0x00000020   Code   RO         3529    i.OledResetCtrl     taskoled.o
    0x08002f08   0x08002f08   0x00000020   Code   RO         3530    i.OledSclOut        taskoled.o
    0x08002f28   0x08002f28   0x00000020   Code   RO         3531    i.OledSdaOut        taskoled.o
    0x08002f48   0x08002f48   0x00000014   Code   RO         3532    i.OledSdaRead       taskoled.o
    0x08002f5c   0x08002f5c   0x00000002   Code   RO          323    i.PendSV_Handler    stm32f1xx_it.o
    0x08002f5e   0x08002f5e   0x00000002   PAD
    0x08002f60   0x08002f60   0x00000028   Code   RO         1661    i.RCC_Delay         stm32f1xx_hal_rcc.o
    0x08002f88   0x08002f88   0x00000002   Code   RO          324    i.SVC_Handler       stm32f1xx_it.o
    0x08002f8a   0x08002f8a   0x0000000c   Code   RO          325    i.SysTick_Handler   stm32f1xx_it.o
    0x08002f96   0x08002f96   0x00000066   Code   RO          125    i.SystemClock_Config  main.o
    0x08002ffc   0x08002ffc   0x00000002   Code   RO            5    i.SystemInit        system_stm32f1xx.o
    0x08002ffe   0x08002ffe   0x00000008   Code   RO         2861    i.System_Main_Loop  board.o
    0x08003006   0x08003006   0x00000002   PAD
    0x08003008   0x08003008   0x000000ac   Code   RO          584    i.TIM_Base_SetConfig  stm32f1xx_hal_tim.o
    0x080030b4   0x080030b4   0x0000003c   Code   RO         3480    i.TaskDebugUartParseHandler  taskuart.o
    0x080030f0   0x080030f0   0x00000010   Code   RO         3416    i.TaskKeyUpdate     taskkey.o
    0x08003100   0x08003100   0x00000060   Code   RO         3533    i.TaskOledUpdate    taskoled.o
    0x08003160   0x08003160   0x00000010   Code   RO         2862    i.TimUsGetCounter   board.o
    0x08003170   0x08003170   0x00000014   Code   RO         2524    i.UART_DMAAbortOnError  stm32f1xx_hal_uart.o
    0x08003184   0x08003184   0x00000050   Code   RO         2525    i.UART_DMAError     stm32f1xx_hal_uart.o
    0x080031d4   0x080031d4   0x000000b4   Code   RO         2526    i.UART_DMAReceiveCplt  stm32f1xx_hal_uart.o
    0x08003288   0x08003288   0x00000024   Code   RO         2528    i.UART_DMARxHalfCplt  stm32f1xx_hal_uart.o
    0x080032ac   0x080032ac   0x00000058   Code   RO         2530    i.UART_DMATransmitCplt  stm32f1xx_hal_uart.o
    0x08003304   0x08003304   0x0000000e   Code   RO         2532    i.UART_DMATxHalfCplt  stm32f1xx_hal_uart.o
    0x08003312   0x08003312   0x0000006c   Code   RO         2534    i.UART_EndRxTransfer  stm32f1xx_hal_uart.o
    0x0800337e   0x0800337e   0x00000020   Code   RO         2535    i.UART_EndTransmit_IT  stm32f1xx_hal_uart.o
    0x0800339e   0x0800339e   0x00000026   Code   RO         2536    i.UART_EndTxTransfer  stm32f1xx_hal_uart.o
    0x080033c4   0x080033c4   0x000000fc   Code   RO         2537    i.UART_Receive_IT   stm32f1xx_hal_uart.o
    0x080034c0   0x080034c0   0x000000fc   Code   RO         2538    i.UART_SetConfig    stm32f1xx_hal_uart.o
    0x080035bc   0x080035bc   0x000000c8   Code   RO         2539    i.UART_Start_Receive_DMA  stm32f1xx_hal_uart.o
    0x08003684   0x08003684   0x00000060   Code   RO         2541    i.UART_Transmit_IT  stm32f1xx_hal_uart.o
    0x080036e4   0x080036e4   0x00000010   Code   RO          326    i.USART1_IRQHandler  stm32f1xx_it.o
    0x080036f4   0x080036f4   0x00000004   Code   RO          327    i.UsageFault_Handler  stm32f1xx_it.o
    0x080036f8   0x080036f8   0x00000010   Code   RO         1968    i.__NVIC_GetPriorityGrouping  stm32f1xx_hal_cortex.o
    0x08003708   0x08003708   0x00000028   Code   RO         1969    i.__NVIC_SetPriority  stm32f1xx_hal_cortex.o
    0x08003730   0x08003730   0x0000005c   Code   RO         3339    i.check_time_events  tiny_eds.o
    0x0800378c   0x0800378c   0x00000028   Code   RO         3340    i.find_group_by_period  tiny_eds.o
    0x080037b4   0x080037b4   0x00000024   Code   RO          126    i.main              main.o
    0x080037d8   0x080037d8   0x00000024   Code   RO         3341    i.notify_event_trigger  tiny_eds.o
    0x080037fc   0x080037fc   0x00000044   Code   RO         3342    i.process_notify_round  tiny_eds.o
    0x08003840   0x08003840   0x0000009c   Code   RO         3343    i.process_one_time_event  tiny_eds.o
    0x080038dc   0x080038dc   0x00000048   Code   RO         3344    i.register_notify_event  tiny_eds.o
    0x08003924   0x08003924   0x00000060   Code   RO         3345    i.register_time_event  tiny_eds.o
    0x08003984   0x08003984   0x00000070   Code   RO         3346    i.tiny_eds_init     tiny_eds.o
    0x080039f4   0x080039f4   0x00000030   Code   RO         3347    i.tiny_eds_run      tiny_eds.o
    0x08003a24   0x08003a24   0x00000018   Data   RO            6    .constdata          system_stm32f1xx.o
    0x08003a3c   0x08003a3c   0x00000012   Data   RO         1662    .constdata          stm32f1xx_hal_rcc.o
    0x08003a4e   0x08003a4e   0x0000023a   Data   RO         3180    .constdata          devssd1315.o
    0x08003c88   0x08003c88   0x00000020   Data   RO         3759    Region$$Table       anon$$obj.o


    Execution Region RW_IRAM1 (Exec base: 0x20000000, Load base: 0x08003ca8, Size: 0x00001370, Max: 0x00010000, ABSOLUTE, COMPRESSED[0x00000068])

    Exec Addr    Load Addr    Size         Type   Attr      Idx    E Section Name        Object

    0x20000000   COMPRESSED   0x00000004   Data   RW            7    .data               system_stm32f1xx.o
    0x20000004   COMPRESSED   0x00000009   Data   RW         1498    .data               stm32f1xx_hal.o
    0x2000000d   COMPRESSED   0x00000003   PAD
    0x20000010   COMPRESSED   0x00000020   Data   RW         2863    .data               board.o
    0x20000030   COMPRESSED   0x00000004   Data   RW         3117    .data               drvusdelay.o
    0x20000034   COMPRESSED   0x00000004   PAD
    0x20000038   COMPRESSED   0x00000008   Data   RW         3141    .data               drvtimestamp.o
    0x20000040   COMPRESSED   0x0000004c   Data   RW         3417    .data               taskkey.o
    0x2000008c   COMPRESSED   0x00000425   Data   RW         3534    .data               taskoled.o
    0x200004b1   COMPRESSED   0x00000003   PAD
    0x200004b4        -       0x00000048   Zero   RW          235    .bss                tim.o
    0x200004fc        -       0x000000d0   Zero   RW          277    .bss                usart.o
    0x200005cc   COMPRESSED   0x00000004   PAD
    0x200005d0        -       0x000000f8   Zero   RW         3349    .bss                tiny_eds.o
    0x200006c8        -       0x00000648   Zero   RW         3481    .bss                taskuart.o
    0x20000d10        -       0x00000060   Zero   RW         3631    .bss                c_w.l(libspace.o)
    0x20000d70        -       0x00000200   Zero   RW          444    HEAP                startup_stm32f103xe.o
    0x20000f70        -       0x00000400   Zero   RW          443    STACK               startup_stm32f103xe.o


==============================================================================

Image component sizes


      Code (inc. data)   RO Data    RW Data    ZI Data      Debug   Object Name

       252         60          0         32          0       6461   board.o
      1216          4        570          0          0       9366   devssd1315.o
        68          4          0          0          0        754   dma.o
       226          0          0          0          0       3000   drvi2csw.o
       326          0          0          0          0       2772   drvkey.o
        36         10          0          8          0       1412   drvtimestamp.o
       508          0          0          0          0       5488   drvuart.o
        72          8          0          4          0       1606   drvusdelay.o
       368         20          0          0          0       1075   gpio.o
       144          0          0          0          0       1500   main.o
       410          0          0          0          0       4789   simplefifo.o
        64         26        304          0       1536        776   startup_stm32f103xe.o
       152         32          0          9          0       5901   stm32f1xx_hal.o
       304         22          0          0          0      29427   stm32f1xx_hal_cortex.o
      1776         28          0          0          0       5869   stm32f1xx_hal_dma.o
       880         40          0          0          0       3952   stm32f1xx_hal_gpio.o
        84          8          0          0          0        898   stm32f1xx_hal_msp.o
      1748         98         18          0          0       5976   stm32f1xx_hal_rcc.o
       406         44          0          0          0       2642   stm32f1xx_hal_tim.o
       156         22          0          0          0       1344   stm32f1xx_hal_tim_ex.o
      2712         34          0          0          0      16668   stm32f1xx_hal_uart.o
        86         18          0          0          0       6044   stm32f1xx_it.o
         2          0         24          4          0     486987   system_stm32f1xx.o
       132         38          0         76          0       4709   taskkey.o
       244         60          0       1061          0       3620   taskoled.o
       284         38          0          0       1608       3730   taskuart.o
       124         18          0          0         72       1542   tim.o
       720         44          0          0        248       7256   tiny_eds.o
       328         34          0          0        208       1852   usart.o

    ----------------------------------------------------------------------
     13852        710        948       1204       3676     627416   Object Totals
         0          0         32          0          0          0   (incl. Generated)
        24          0          0         10          4          0   (incl. Padding)

    ----------------------------------------------------------------------

      Code (inc. data)   RO Data    RW Data    ZI Data      Debug   Library Member Name

        90          0          0          0          0          0   __dczerorl2.o
         8          0          0          0          0         68   __main.o
         0          0          0          0          0          0   __rtentry.o
        12          0          0          0          0          0   __rtentry2.o
         6          0          0          0          0          0   __rtentry4.o
        52          8          0          0          0          0   __scatter.o
        28          0          0          0          0          0   __scatter_zi.o
        18          0          0          0          0         80   exit.o
         6          0          0          0          0        152   heapauxi.o
         0          0          0          0          0          0   indicate_semi.o
         2          0          0          0          0          0   libinit.o
         2          0          0          0          0          0   libinit2.o
         2          0          0          0          0          0   libshutdown.o
         2          0          0          0          0          0   libshutdown2.o
         8          4          0          0         96         68   libspace.o
        68          0          0          0          0         68   rt_memclr.o
        78          0          0          0          0         80   rt_memclr_w.o
       138          0          0          0          0         68   rt_memcpy_v6.o
       100          0          0          0          0         80   rt_memcpy_w.o
         2          0          0          0          0          0   rtexit.o
        10          0          0          0          0          0   rtexit2.o
        12          4          0          0          0         68   sys_exit.o
        74          0          0          0          0         80   sys_stackheap_outer.o
         2          0          0          0          0         68   use_no_semi.o

    ----------------------------------------------------------------------
       728         16          0          0         96        880   Library Totals
         8          0          0          0          0          0   (incl. Padding)

    ----------------------------------------------------------------------

      Code (inc. data)   RO Data    RW Data    ZI Data      Debug   Library Name

       720         16          0          0         96        880   c_w.l

    ----------------------------------------------------------------------
       728         16          0          0         96        880   Library Totals

    ----------------------------------------------------------------------

==============================================================================


      Code (inc. data)   RO Data    RW Data    ZI Data      Debug   

     14580        726        948       1204       3772     620648   Grand Totals
     14580        726        948        104       3772     620648   ELF Image Totals (compressed)
     14580        726        948        104          0          0   ROM Totals

==============================================================================

    Total RO  Size (Code + RO Data)                15528 (  15.16kB)
    Total RW  Size (RW Data + ZI Data)              4976 (   4.86kB)
    Total ROM Size (Code + RO Data + RW Data)      15632 (  15.27kB)

==============================================================================

